Copyright 1986-2018 Xilinx, Inc. All Rights Reserved.
---------------------------------------------------------------------------------------------
| Tool Version : Vivado v.2018.2 (win64) Build 2258646 Thu Jun 14 20:03:12 MDT 2018
| Date         : Tue Dec  3 15:31:23 2019
| Host         : LAPTOP-GGPIPL6E running 64-bit major release  (build 9200)
| Command      : report_control_sets -verbose -file mcs_top_complete_control_sets_placed.rpt
| Design       : mcs_top_complete
| Device       : xc7a100t
---------------------------------------------------------------------------------------------

Control Set Information

Table of Contents
-----------------
1. Summary
2. Histogram
3. Flip-Flop Distribution
4. Detailed Control Set Information

1. Summary
----------

+----------------------------------------------------------+-------+
|                          Status                          | Count |
+----------------------------------------------------------+-------+
| Number of unique control sets                            |   131 |
| Unused register locations in slices containing registers |   322 |
+----------------------------------------------------------+-------+


2. Histogram
------------

+--------+--------------+
| Fanout | Control Sets |
+--------+--------------+
|      2 |            8 |
|      4 |           11 |
|      6 |            9 |
|      8 |            9 |
|     10 |            4 |
|     12 |            9 |
|     14 |            4 |
|    16+ |           77 |
+--------+--------------+


3. Flip-Flop Distribution
-------------------------

+--------------+-----------------------+------------------------+-----------------+--------------+
| Clock Enable | Synchronous Set/Reset | Asynchronous Set/Reset | Total Registers | Total Slices |
+--------------+-----------------------+------------------------+-----------------+--------------+
| No           | No                    | No                     |             264 |           53 |
| No           | No                    | Yes                    |             382 |           75 |
| No           | Yes                   | No                     |             176 |           44 |
| Yes          | No                    | No                     |              64 |           20 |
| Yes          | No                    | Yes                    |            1828 |          324 |
| Yes          | Yes                   | No                     |             404 |           74 |
+--------------+-----------------------+------------------------+-----------------+--------------+


4. Detailed Control Set Information
-----------------------------------

+------------------------------+----------------------------------------------------------------------------------------------------------------------+-------------------------------------------------------------------------------------------------------------------+------------------+----------------+
|         Clock Signal         |                                                     Enable Signal                                                    |                                                  Set/Reset Signal                                                 | Slice Load Count | Bel Load Count |
+------------------------------+----------------------------------------------------------------------------------------------------------------------+-------------------------------------------------------------------------------------------------------------------+------------------+----------------+
|  clk_mmcm_unit/inst/clk_100M |                                                                                                                      | cpu_unit/inst/microblaze_I/U0/MicroBlaze_Core_I/Area.Core/Decode_I/MSR_Rst                                        |                1 |              2 |
|  clk_mmcm_unit/inst/clk_100M |                                                                                                                      | mmio_unit/adsr_slot13/rel_step_reg_reg[0]_0[0]                                                                    |                1 |              2 |
|  clk_mmcm_unit/inst/clk_100M | mmio_unit/spi_slot9/wr_ss                                                                                            | mmio_unit/spi_slot9/spi_unit/AR[0]                                                                                |                1 |              2 |
|  clk_mmcm_unit/inst/clk_100M |                                                                                                                      | cpu_unit/inst/microblaze_I/U0/MicroBlaze_Core_I/Area.Core/Decode_I/Using_FPGA.New_Carry_MUXCY/Using_FPGA.Native_0 |                1 |              2 |
|  clk_mmcm_unit/inst/clk_25M  |                                                                                                                      | video_sys_unit/v0_vga_sync_unit/sync_unit/counter_unit/vsync_i0_in                                                |                1 |              2 |
|  clk_mmcm_unit/inst/clk_100M | cpu_unit/inst/microblaze_I/U0/MicroBlaze_Core_I/Area.Core/Decode_I/MTSMSR_Write                                      | cpu_unit/inst/microblaze_I/U0/MicroBlaze_Core_I/sync_reset                                                        |                1 |              2 |
|  clk_mmcm_unit/inst/clk_100M | mmio_unit/spi_slot9/spi_unit/n_reg[2]_i_1_n_0                                                                        | mmio_unit/spi_slot9/spi_unit/AR[0]                                                                                |                1 |              2 |
|  clk_mmcm_unit/inst/clk_25M  |                                                                                                                      | video_sys_unit/v0_vga_sync_unit/sync_unit/counter_unit/hsync_i0_in                                                |                1 |              2 |
|  clk_mmcm_unit/inst/clk_100M | mmio_unit/ps2_slot11/ps2_unit/ps2_rx_unit/w_ptr_logic_reg[0][0]                                                      | mmio_unit/adsr_slot13/adsr_unit/AR[1]                                                                             |                1 |              4 |
|  clk_mmcm_unit/inst/clk_100M | mmio_unit/uart_slot1/uart_unit/fifo_rx_unit/c_unit/r_ptr_logic[7]_i_1_n_0                                            | mmio_unit/xadc_slot5/xadc_unit/reset                                                                              |                2 |              4 |
|  clk_mmcm_unit/inst/clk_100M | mmio_unit/uart_slot1/uart_unit/uart_tx_unit/E[0]                                                                     | mmio_unit/adsr_slot13/adsr_unit/AR[0]                                                                             |                2 |              4 |
|  clk_mmcm_unit/inst/clk_100M | mmio_unit/uart_slot1/uart_unit/fifo_rx_unit/c_unit/w_ptr_logic[7]_i_1_n_0                                            | mmio_unit/xadc_slot5/xadc_unit/reset                                                                              |                1 |              4 |
|  clk_mmcm_unit/inst/clk_100M | mmio_unit/adsr_slot13/adsr_unit/FSM_onehot_state_reg[5]_i_1__0_n_0                                                   | mmio_unit/adsr_slot13/adsr_unit/AR[1]                                                                             |                1 |              4 |
|  clk_mmcm_unit/inst/clk_100M | mmio_unit/i2c_slot10/i2c_unit/rx_next                                                                                | mmio_unit/adsr_slot13/adsr_unit/AR[1]                                                                             |                1 |              4 |
|  clk_mmcm_unit/inst/clk_100M | mmio_unit/spi_slot9/spi_unit/si_next                                                                                 | mmio_unit/adsr_slot13/adsr_unit/AR[0]                                                                             |                1 |              4 |
|  clk_mmcm_unit/inst/clk_100M | mmio_unit/gpo_slot2/wr_en                                                                                            | mmio_unit/spi_slot9/spi_unit/AR[0]                                                                                |                2 |              4 |
|  clk_mmcm_unit/inst/clk_100M | mmio_unit/ps2_slot11/ps2_unit/ps2_rx_unit/E[0]                                                                       | mmio_unit/adsr_slot13/adsr_unit/AR[1]                                                                             |                1 |              4 |
|  clk_mmcm_unit/inst/clk_100M | mmio_unit/uart_slot1/uart_unit/uart_tx_unit/r_ptr_logic_reg[0][0]                                                    | mmio_unit/adsr_slot13/adsr_unit/AR[0]                                                                             |                1 |              4 |
|  clk_mmcm_unit/inst/clk_100M | video_sys_unit/v3_ghost_unit/wr_ctrl                                                                                 | mmio_unit/uart_slot1/uart_unit/fifo_tx_unit/c_unit/AR[0]                                                          |                1 |              4 |
|  clk_mmcm_unit/inst/clk_100M |                                                                                                                      | cpu_unit/inst/rst_0/U0/peripheral_reset[0]                                                                        |                3 |              6 |
|  clk_mmcm_unit/inst/clk_100M | video_sys_unit/v3_ghost_unit/wr_ctrl                                                                                 | mmio_unit/spi_slot9/spi_unit/AR[0]                                                                                |                1 |              6 |
|  clk_mmcm_unit/inst/clk_100M | mmio_unit/adsr_slot13/adsr_unit/FSM_onehot_state_reg[5]_i_1__0_n_0                                                   | mmio_unit/adsr_slot13/adsr_unit/AR[0]                                                                             |                3 |              6 |
|  clk_mmcm_unit/inst/clk_100M | mmio_unit/xadc_slot5/adc0_out_reg[15]_i_1_n_0                                                                        | mmio_unit/ddfs_slot12/ddfs_unit/AR[0]                                                                             |                2 |              6 |
|  clk_mmcm_unit/inst/clk_100M | mmio_unit/xadc_slot5/adc3_out_reg[15]_i_1_n_0                                                                        | mmio_unit/ddfs_slot12/ddfs_unit/AR[0]                                                                             |                1 |              6 |
|  clk_mmcm_unit/inst/clk_100M | mmio_unit/xadc_slot5/xadc_unit/channel[0]                                                                            | mmio_unit/ddfs_slot12/ddfs_unit/AR[0]                                                                             |                2 |              6 |
|  clk_mmcm_unit/inst/clk_100M | mmio_unit/xadc_slot5/vcc_out_reg[15]_i_1_n_0                                                                         | mmio_unit/ddfs_slot12/ddfs_unit/AR[0]                                                                             |                2 |              6 |
|  clk_mmcm_unit/inst/clk_100M | mmio_unit/xadc_slot5/xadc_unit/channel[2]                                                                            | mmio_unit/ddfs_slot12/ddfs_unit/AR[0]                                                                             |                2 |              6 |
|  clk_mmcm_unit/inst/clk_100M | mmio_unit/xadc_slot5/xadc_unit/channel[1]                                                                            | mmio_unit/ddfs_slot12/ddfs_unit/AR[0]                                                                             |                2 |              6 |
|  clk_mmcm_unit/inst/clk_100M |                                                                                                                      | cpu_unit/inst/microblaze_I/U0/MicroBlaze_Core_I/Area.Core/Decode_I/Using_FPGA.MUXCY_JUMP_CARRY3/R                 |                2 |              8 |
|  clk_mmcm_unit/inst/clk_100M | mmio_unit/ps2_slot11/ps2_unit/ps2_tx_unit/n_next                                                                     | mmio_unit/adsr_slot13/adsr_unit/AR[1]                                                                             |                2 |              8 |
|  clk_mmcm_unit/inst/clk_100M | mmio_unit/i2c_slot10/i2c_unit/FSM_sequential_state_reg[3]_i_1_n_0                                                    | mmio_unit/adsr_slot13/adsr_unit/AR[0]                                                                             |                2 |              8 |
|  clk_mmcm_unit/inst/clk_100M | mmio_unit/ps2_slot11/ps2_unit/ps2_rx_unit/n_next                                                                     | mmio_unit/adsr_slot13/adsr_unit/AR[1]                                                                             |                2 |              8 |
|  clk_mmcm_unit/inst/clk_100M | mmio_unit/uart_slot1/uart_unit/uart_tx_unit/s_next                                                                   | mmio_unit/adsr_slot13/adsr_unit/AR[0]                                                                             |                1 |              8 |
|  clk_mmcm_unit/inst/clk_100M | mmio_unit/uart_slot1/uart_unit/uart_rx_unit/s_next                                                                   | mmio_unit/ps2_slot11/ps2_unit/ps2_rx_unit/AR[0]                                                                   |                2 |              8 |
|  clk_mmcm_unit/inst/clk_100M |                                                                                                                      | mmio_unit/spi_slot9/spi_unit/AR[0]                                                                                |                4 |              8 |
|  clk_mmcm_unit/inst/clk_100M | video_sys_unit/frame_counter_unit/E[0]                                                                               | video_sys_unit/v3_ghost_unit/ghost_src_unit/c_reg0                                                                |                1 |              8 |
|  clk_mmcm_unit/inst/clk_100M |                                                                                                                      | cpu_unit/inst/rst_0/U0/bus_struct_reset[0]                                                                        |                2 |              8 |
|  clk_mmcm_unit/inst/clk_100M |                                                                                                                      | cpu_unit/inst/rst_0/U0/EXT_LPF/lpf_int                                                                            |                4 |             10 |
|  clk_mmcm_unit/inst/clk_100M |                                                                                                                      | mmio_unit/xadc_slot5/xadc_unit/reset                                                                              |                2 |             10 |
|  clk_mmcm_unit/inst/clk_100M |                                                                                                                      | mmio_unit/led_slot8/led_mux8_unit/q_reg_reg[17]_0                                                                 |                3 |             10 |
|  clk_mmcm_unit/inst/clk_100M | mmio_unit/ps2_slot11/ps2_unit/ps2_tx_unit/FSM_onehot_state_reg[5]_i_1_n_0                                            | mmio_unit/adsr_slot13/adsr_unit/AR[1]                                                                             |                2 |             10 |
|  clk_mmcm_unit/inst/clk_100M | mmio_unit/uart_slot1/uart_unit/fifo_rx_unit/c_unit/w_ptr_logic[7]_i_1_n_0                                            | mmio_unit/ps2_slot11/ps2_unit/ps2_rx_unit/AR[0]                                                                   |                3 |             12 |
|  clk_mmcm_unit/inst/clk_100M | mmio_unit/uart_slot1/uart_unit/uart_tx_unit/E[0]                                                                     | mmio_unit/uart_slot1/uart_unit/fifo_tx_unit/c_unit/AR[0]                                                          |                2 |             12 |
|  clk_mmcm_unit/inst/clk_100M | mmio_unit/spi_slot9/spi_unit/si_next                                                                                 | mmio_unit/xadc_slot5/xadc_unit/reset                                                                              |                2 |             12 |
|  clk_mmcm_unit/inst/clk_100M | mmio_unit/ps2_slot11/ps2_unit/ps2_rx_unit/E[0]                                                                       | mmio_unit/ps2_slot11/ps2_unit/ps2_rx_unit/AR[0]                                                                   |                3 |             12 |
|  clk_mmcm_unit/inst/clk_100M | mmio_unit/ps2_slot11/ps2_unit/ps2_rx_unit/w_ptr_logic_reg[0][0]                                                      | mmio_unit/ps2_slot11/ps2_unit/ps2_rx_unit/AR[0]                                                                   |                3 |             12 |
|  clk_mmcm_unit/inst/clk_100M | mmio_unit/ps2_slot11/ps2_unit/ps2_tx_unit/c_next                                                                     | mmio_unit/ps2_slot11/ps2_unit/ps2_rx_unit/AR[0]                                                                   |                2 |             12 |
|  clk_mmcm_unit/inst/clk_100M | cpu_unit/inst/rst_0/U0/SEQ/seq_cnt_en                                                                                | cpu_unit/inst/rst_0/U0/SEQ/SEQ_COUNTER/clear                                                                      |                1 |             12 |
|  clk_mmcm_unit/inst/clk_100M | mmio_unit/uart_slot1/uart_unit/fifo_rx_unit/c_unit/r_ptr_logic[7]_i_1_n_0                                            | mmio_unit/ps2_slot11/ps2_unit/ps2_rx_unit/AR[0]                                                                   |                2 |             12 |
|  clk_mmcm_unit/inst/clk_100M | mmio_unit/uart_slot1/uart_unit/uart_tx_unit/r_ptr_logic_reg[0][0]                                                    | mmio_unit/uart_slot1/uart_unit/fifo_tx_unit/c_unit/AR[0]                                                          |                2 |             12 |
|  clk_mmcm_unit/inst/clk_100M | mmio_unit/i2c_slot10/i2c_unit/rx_next                                                                                | mmio_unit/xadc_slot5/xadc_unit/reset                                                                              |                2 |             14 |
|  clk_mmcm_unit/inst/clk_100M | mmio_unit/ps2_slot11/ps2_unit/ps2_tx_unit/c_next                                                                     | video_sys_unit/frame_counter_unit/hc_reg_reg[3]_rep__0_0                                                          |                2 |             14 |
|  clk_mmcm_unit/inst/clk_100M | mmio_unit/spi_slot9/wr_ctrl                                                                                          | mmio_unit/uart_slot1/uart_unit/fifo_tx_unit/c_unit/AR[0]                                                          |                3 |             14 |
|  clk_mmcm_unit/inst/clk_100M | mmio_unit/spi_slot9/spi_unit/c_reg[15]_i_1_n_0                                                                       | mmio_unit/uart_slot1/uart_unit/fifo_tx_unit/c_unit/AR[0]                                                          |                2 |             14 |
|  clk_mmcm_unit/inst/clk_100M | mmio_unit/uart_slot1/uart_unit/uart_rx_unit/b_next                                                                   | mmio_unit/ps2_slot11/ps2_unit/ps2_rx_unit/AR[0]                                                                   |                7 |             16 |
|  clk_mmcm_unit/inst/clk_100M | mmio_unit/uart_slot1/uart_unit/uart_tx_unit/b_next_0                                                                 | mmio_unit/adsr_slot13/adsr_unit/AR[0]                                                                             |                2 |             16 |
|  clk_mmcm_unit/inst/clk_100M |                                                                                                                      | video_sys_unit/frame_counter_unit/SR[0]                                                                           |                2 |             16 |
|  clk_mmcm_unit/inst/clk_100M | cpu_unit/inst/microblaze_I/U0/MicroBlaze_Core_I/Area.Core/Decode_I/Using_FPGA.of_PipeRun_MuxCY_1/Using_FPGA.Native_0 | cpu_unit/inst/microblaze_I/U0/MicroBlaze_Core_I/Area.Core/Decode_I/Using_FPGA.MUXCY_JUMP_CARRY3/S65_out           |                3 |             16 |
|  clk_mmcm_unit/inst/clk_100M | mmio_unit/spi_slot9/spi_unit/c_reg[15]_i_1_n_0                                                                       | mmio_unit/adsr_slot13/adsr_unit/AR[1]                                                                             |                3 |             18 |
|  clk_mmcm_unit/inst/clk_100M | mmio_unit/ps2_slot11/ps2_unit/ps2_tx_unit/b_next                                                                     | mmio_unit/adsr_slot13/adsr_unit/AR[1]                                                                             |                3 |             18 |
|  clk_mmcm_unit/inst/clk_100M | mmio_unit/adsr_slot13/wr_atk                                                                                         | mmio_unit/led_slot8/led_mux8_unit/q_reg_reg[17]_0                                                                 |                3 |             18 |
|  clk_mmcm_unit/inst/clk_100M | mmio_unit/spi_slot9/spi_unit/n_reg[2]_i_1_n_0                                                                        | mmio_unit/adsr_slot13/adsr_unit/AR[1]                                                                             |                4 |             20 |
|  clk_mmcm_unit/inst/clk_100M | mmio_unit/ps2_slot11/ps2_unit/ps2_rx_unit/b_next                                                                     | mmio_unit/ps2_slot11/ps2_unit/ps2_rx_unit/AR[0]                                                                   |                4 |             20 |
|  clk_mmcm_unit/inst/clk_100M | mmio_unit/uart_slot1/wr_dvsr                                                                                         | mmio_unit/uart_slot1/uart_unit/fifo_tx_unit/c_unit/AR[0]                                                          |                3 |             22 |
|  clk_mmcm_unit/inst/clk_100M |                                                                                                                      | mmio_unit/adsr_slot13/adsr_unit/AR[1]                                                                             |                7 |             22 |
|  clk_mmcm_unit/inst/clk_100M | mmio_unit/spi_slot9/wr_ctrl                                                                                          | mmio_unit/adsr_slot13/adsr_unit/AR[1]                                                                             |                4 |             22 |
|  clk_mmcm_unit/inst/clk_100M | video_sys_unit/v3_ghost_unit/wr_x0                                                                                   | video_sys_unit/frame_counter_unit/hc_reg_reg[3]_rep__0_0                                                          |                3 |             22 |
|  clk_mmcm_unit/inst/clk_100M | video_sys_unit/v3_ghost_unit/wr_y0                                                                                   | video_sys_unit/frame_counter_unit/hc_reg_reg[3]_rep__0_0                                                          |                3 |             22 |
|  clk_mmcm_unit/inst/clk_100M | video_sys_unit/v1_mouse_unit/wr_x0                                                                                   | video_sys_unit/frame_counter_unit/hc_reg_reg[3]_rep__0_0                                                          |                3 |             22 |
|  clk_mmcm_unit/inst/clk_100M | video_sys_unit/v1_mouse_unit/wr_y0                                                                                   | video_sys_unit/frame_counter_unit/hc_reg_reg[3]_rep__0_0                                                          |                3 |             22 |
|  clk_mmcm_unit/inst/clk_100M | video_sys_unit/v0_vga_sync_unit/line_unit/line_fifo_unit/bram_fifo_unit/vc_reg_reg[0][0]                             | video_sys_unit/frame_counter_unit/hc_reg_reg[3]_rep__0_0                                                          |                5 |             22 |
|  clk_mmcm_unit/inst/clk_25M  | video_sys_unit/v0_vga_sync_unit/sync_unit/counter_unit/vc_reg1                                                       | mmio_unit/ps2_slot11/ps2_unit/ps2_rx_unit/AR[0]                                                                   |                3 |             22 |
|  clk_mmcm_unit/inst/clk_100M | mmio_unit/uart_slot1/uart_unit/fifo_tx_unit/c_unit/b_reg_reg[7]                                                      |                                                                                                                   |                3 |             24 |
|  clk_mmcm_unit/inst/clk_100M | mmio_unit/uart_slot1/uart_unit/fifo_tx_unit/c_unit/b_reg_reg[7]_2                                                    |                                                                                                                   |                3 |             24 |
|  clk_mmcm_unit/inst/clk_100M | mmio_unit/uart_slot1/uart_unit/fifo_tx_unit/c_unit/b_reg_reg[7]_1                                                    |                                                                                                                   |                3 |             24 |
|  clk_mmcm_unit/inst/clk_100M | mmio_unit/ps2_slot11/ps2_unit/fifo_unit/c_unit/Using_IO_Bus.io_bus_read_data_reg[3]_1                                |                                                                                                                   |                3 |             24 |
|  clk_mmcm_unit/inst/clk_100M | video_sys_unit/v2_osd_unit/wr_bg_color                                                                               | mmio_unit/uart_slot1/uart_unit/fifo_tx_unit/c_unit/AR[0]                                                          |                4 |             24 |
|  clk_mmcm_unit/inst/clk_100M | video_sys_unit/v2_osd_unit/wr_fg_color                                                                               | mmio_unit/uart_slot1/uart_unit/fifo_tx_unit/c_unit/AR[0]                                                          |                4 |             24 |
|  clk_mmcm_unit/inst/clk_100M | mmio_unit/ps2_slot11/ps2_unit/fifo_unit/c_unit/Using_IO_Bus.io_bus_read_data_reg[3]_2                                |                                                                                                                   |                3 |             24 |
|  clk_mmcm_unit/inst/clk_100M | mmio_unit/ps2_slot11/ps2_unit/fifo_unit/c_unit/Using_IO_Bus.io_bus_read_data_reg[3]                                  |                                                                                                                   |                3 |             24 |
|  clk_mmcm_unit/inst/clk_100M | mmio_unit/ps2_slot11/ps2_unit/fifo_unit/c_unit/Using_IO_Bus.io_bus_read_data_reg[3]_0                                |                                                                                                                   |                3 |             24 |
|  clk_mmcm_unit/inst/clk_100M | mmio_unit/uart_slot1/uart_unit/fifo_tx_unit/c_unit/b_reg_reg[7]_0                                                    |                                                                                                                   |                3 |             24 |
|  clk_mmcm_unit/inst/clk_100M | mmio_unit/uart_slot1/uart_unit/fifo_rx_unit/c_unit/Using_IO_Bus.io_bus_read_data_reg[6]                              |                                                                                                                   |                3 |             24 |
|  clk_mmcm_unit/inst/clk_100M | mmio_unit/uart_slot1/uart_unit/fifo_rx_unit/c_unit/Using_IO_Bus.io_bus_read_data_reg[6]_1                            |                                                                                                                   |                3 |             24 |
|  clk_mmcm_unit/inst/clk_100M | mmio_unit/uart_slot1/uart_unit/fifo_rx_unit/c_unit/Using_IO_Bus.io_bus_read_data_reg[6]_0                            |                                                                                                                   |                3 |             24 |
|  clk_mmcm_unit/inst/clk_100M | mmio_unit/uart_slot1/uart_unit/fifo_rx_unit/c_unit/Using_IO_Bus.io_bus_read_data_reg[6]_2                            |                                                                                                                   |                3 |             24 |
|  clk_mmcm_unit/inst/clk_25M  |                                                                                                                      | mmio_unit/ps2_slot11/ps2_unit/ps2_rx_unit/AR[0]                                                                   |                5 |             24 |
|  clk_mmcm_unit/inst/clk_100M | mmio_unit/ddfs_slot12/wr_fccw                                                                                        | mmio_unit/ddfs_slot12/ddfs_unit/AR[0]                                                                             |                3 |             24 |
|  clk_mmcm_unit/inst/clk_100M | mmio_unit/timer_slot0/count_reg[47]_i_1_n_0                                                                          | mmio_unit/led_slot8/led_mux8_unit/q_reg_reg[17]_0                                                                 |                3 |             24 |
|  clk_mmcm_unit/inst/clk_25M  |                                                                                                                      | video_sys_unit/v0_vga_sync_unit/sync_unit/rgb_reg[11]_i_1_n_0                                                     |                5 |             24 |
|  clk_mmcm_unit/inst/clk_100M | mmio_unit/xadc_slot5/adc3_out_reg[15]_i_1_n_0                                                                        | mmio_unit/xadc_slot5/xadc_unit/reset                                                                              |                5 |             26 |
|  clk_mmcm_unit/inst/clk_100M | mmio_unit/i2c_slot10/i2c_unit/bit_reg[3]_i_1_n_0                                                                     | mmio_unit/adsr_slot13/adsr_unit/AR[0]                                                                             |                5 |             26 |
|  clk_mmcm_unit/inst/clk_100M | mmio_unit/xadc_slot5/xadc_unit/channel[1]                                                                            | mmio_unit/xadc_slot5/xadc_unit/reset                                                                              |                5 |             26 |
|  clk_mmcm_unit/inst/clk_100M | mmio_unit/xadc_slot5/vcc_out_reg[15]_i_1_n_0                                                                         | mmio_unit/xadc_slot5/xadc_unit/reset                                                                              |                3 |             26 |
|  clk_mmcm_unit/inst/clk_100M | mmio_unit/xadc_slot5/xadc_unit/channel[2]                                                                            | mmio_unit/xadc_slot5/xadc_unit/reset                                                                              |                3 |             26 |
|  clk_mmcm_unit/inst/clk_100M | mmio_unit/xadc_slot5/adc0_out_reg[15]_i_1_n_0                                                                        | mmio_unit/xadc_slot5/xadc_unit/reset                                                                              |                4 |             26 |
|  clk_mmcm_unit/inst/clk_100M | mmio_unit/xadc_slot5/xadc_unit/channel[0]                                                                            | mmio_unit/xadc_slot5/xadc_unit/reset                                                                              |                3 |             26 |
|  clk_mmcm_unit/inst/clk_100M | mmio_unit/gpo_slot2/wr_en                                                                                            | mmio_unit/uart_slot1/uart_unit/fifo_tx_unit/c_unit/AR[0]                                                          |               10 |             28 |
|  clk_mmcm_unit/inst/clk_100M | mmio_unit/adsr_slot13/adsr_unit/t_next                                                                               | mmio_unit/adsr_slot13/adsr_unit/AR[0]                                                                             |                5 |             28 |
|  clk_mmcm_unit/inst/clk_100M | mmio_unit/timer_slot0/count_reg[47]_i_1_n_0                                                                          | mmio_unit/adsr_slot13/adsr_unit/AR[0]                                                                             |                3 |             30 |
|  clk_mmcm_unit/inst/clk_100M | cpu_unit/inst/microblaze_I/U0/MicroBlaze_Core_I/Area.Core/Decode_I/Using_FPGA.MUXCY_JUMP_CARRY3/PC_Write             | cpu_unit/inst/microblaze_I/U0/MicroBlaze_Core_I/sync_reset                                                        |                3 |             30 |
|  clk_mmcm_unit/inst/clk_100M | mmio_unit/i2c_slot10/wr_dvsr                                                                                         | mmio_unit/uart_slot1/uart_unit/fifo_tx_unit/c_unit/AR[0]                                                          |                5 |             32 |
|  clk_mmcm_unit/inst/clk_100M | mmio_unit/ddfs_slot12/wr_env                                                                                         | mmio_unit/adsr_slot13/rel_step_reg_reg[0]_0[0]                                                                    |                8 |             32 |
|  clk_mmcm_unit/inst/clk_100M | cpu_unit/inst/microblaze_I/U0/MicroBlaze_Core_I/Area.Core/Decode_I/PreFetch_Buffer_I/of_valid_FDR_I/E[0]             | cpu_unit/inst/microblaze_I/U0/MicroBlaze_Core_I/sync_reset                                                        |                5 |             32 |
|  clk_mmcm_unit/inst/clk_100M |                                                                                                                      | cpu_unit/inst/microblaze_I/U0/MicroBlaze_Core_I/sync_reset                                                        |                8 |             32 |
|  clk_mmcm_unit/inst/clk_100M | mmio_unit/ddfs_slot12/wr_fccw                                                                                        | mmio_unit/adsr_slot13/rel_step_reg_reg[0]_0[0]                                                                    |                5 |             36 |
|  clk_mmcm_unit/inst/clk_100M | mmio_unit/adsr_slot13/adsr_unit/t_next                                                                               | mmio_unit/adsr_slot13/adsr_unit/AR[1]                                                                             |                6 |             36 |
|  clk_mmcm_unit/inst/clk_100M | mmio_unit/timer_slot0/count_reg[47]_i_1_n_0                                                                          | mmio_unit/xadc_slot5/xadc_unit/reset                                                                              |                6 |             42 |
|  clk_mmcm_unit/inst/clk_100M | mmio_unit/adsr_slot13/wr_atk                                                                                         | mmio_unit/adsr_slot13/rel_step_reg_reg[0]_0[0]                                                                    |                8 |             46 |
|  clk_mmcm_unit/inst/clk_100M |                                                                                                                      | mmio_unit/adsr_slot13/adsr_unit/AR[0]                                                                             |                9 |             46 |
|  clk_mmcm_unit/inst/clk_100M |                                                                                                                      | video_sys_unit/frame_counter_unit/hc_reg_reg[3]_rep__0_0                                                          |               13 |             46 |
|  clk_mmcm_unit/inst/clk_100M |                                                                                                                      | mmio_unit/uart_slot1/uart_unit/fifo_tx_unit/c_unit/AR[0]                                                          |                8 |             58 |
|  clk_mmcm_unit/inst/clk_100M | mmio_unit/ddfs_slot12/wr_focw                                                                                        | mmio_unit/ddfs_slot12/ddfs_unit/AR[0]                                                                             |                9 |             60 |
|  clk_mmcm_unit/inst/clk_100M | mmio_unit/ddfs_slot12/wr_pha                                                                                         | mmio_unit/ddfs_slot12/ddfs_unit/AR[0]                                                                             |                8 |             60 |
|  clk_mmcm_unit/inst/clk_100M | mmio_unit/adsr_slot13/adsr_unit/a_next                                                                               | mmio_unit/led_slot8/led_mux8_unit/q_reg_reg[17]_0                                                                 |               15 |             64 |
|  clk_mmcm_unit/inst/clk_100M | mmio_unit/led_slot8/wr_d0                                                                                            | mmio_unit/led_slot8/led_mux8_unit/q_reg_reg[17]_0                                                                 |                9 |             64 |
|  clk_mmcm_unit/inst/clk_100M |                                                                                                                      | cpu_unit/inst/iomodule_0/U0/Using_IO_Bus.io_bus_read_data[31]_i_1_n_0                                             |               14 |             64 |
|  clk_mmcm_unit/inst/clk_100M | mmio_unit/led_slot8/wr_d1                                                                                            | mmio_unit/led_slot8/led_mux8_unit/q_reg_reg[17]_0                                                                 |                8 |             64 |
|  clk_mmcm_unit/inst/clk_100M | cpu_unit/inst/microblaze_I/U0/MicroBlaze_Core_I/Area.Core/Decode_I/Using_FPGA.of_PipeRun_MuxCY_1/Using_FPGA.Native_0 |                                                                                                                   |               20 |             64 |
|  clk_mmcm_unit/inst/clk_100M |                                                                                                                      | mmio_unit/ddfs_slot12/ddfs_unit/AR[0]                                                                             |                9 |             64 |
|  clk_mmcm_unit/inst/clk_100M | mmio_unit/adsr_slot13/wr_rel                                                                                         | mmio_unit/adsr_slot13/rel_step_reg_reg[0]_0[0]                                                                    |                9 |             64 |
|  clk_mmcm_unit/inst/clk_100M | mmio_unit/adsr_slot13/wr_sus_time                                                                                    | mmio_unit/adsr_slot13/adsr_unit/AR[1]                                                                             |                6 |             64 |
|  clk_mmcm_unit/inst/clk_100M | mmio_unit/adsr_slot13/wr_dcy                                                                                         | mmio_unit/adsr_slot13/rel_step_reg_reg[0]_0[0]                                                                    |                8 |             64 |
|  clk_mmcm_unit/inst/clk_100M | mmio_unit/adsr_slot13/wr_sus_level                                                                                   | mmio_unit/adsr_slot13/adsr_unit/AR[0]                                                                             |               11 |             64 |
|  clk_mmcm_unit/inst/clk_100M | video_sys_unit/v0_vga_sync_unit/line_unit/line_fifo_unit/bram_fifo_unit/inc                                          | video_sys_unit/frame_counter_unit/hc_reg_reg[3]_rep__0_0                                                          |               20 |             72 |
|  clk_mmcm_unit/inst/clk_100M |                                                                                                                      | mmio_unit/ps2_slot11/ps2_unit/ps2_rx_unit/AR[0]                                                                   |               14 |             92 |
|  clk_mmcm_unit/inst/clk_100M | cpu_unit/inst/microblaze_I/U0/MicroBlaze_Core_I/Area.Core/Decode_I/Using_FPGA.clean_iReady_MuxCY/IReady              |                                                                                                                   |               11 |             94 |
|  clk_mmcm_unit/inst/clk_100M | cpu_unit/inst/iomodule_0/U0/p_22_out                                                                                 | cpu_unit/inst/rst_0/U0/peripheral_reset[0]                                                                        |               29 |            124 |
|  clk_mmcm_unit/inst/clk_100M | cpu_unit/inst/microblaze_I/U0/MicroBlaze_Core_I/Area.Core/Decode_I/Using_FPGA.of_PipeRun_MuxCY_1/Using_FPGA.Native_0 | cpu_unit/inst/microblaze_I/U0/MicroBlaze_Core_I/sync_reset                                                        |               31 |            180 |
|  clk_mmcm_unit/inst/clk_100M | cpu_unit/inst/microblaze_I/U0/MicroBlaze_Core_I/Area.Core/Decode_I/Reg_Write                                         |                                                                                                                   |               32 |            256 |
|  clk_mmcm_unit/inst/clk_100M |                                                                                                                      |                                                                                                                   |               54 |            270 |
+------------------------------+----------------------------------------------------------------------------------------------------------------------+-------------------------------------------------------------------------------------------------------------------+------------------+----------------+


