21:04:03 **** Build of project standalone_bsp_0 ****
make -k all 
"Running Make include in microblaze_I/libsrc/bram_v4_2/src"
make -C microblaze_I/libsrc/bram_v4_2/src -s include  "SHELL=CMD" "COMPILER=mb-gcc" "ARCHIVER=mb-ar" "COMPILER_FLAGS=  -O2 -c -mcpu=v10.0 -mlittle-endian -mno-xl-reorder -mxl-soft-mul" "EXTRA_COMPILER_FLAGS=-ffunction-sections -fdata-sections -Wall -Wextra"
"Running Make include in microblaze_I/libsrc/cpu_v2_7/src"
make -C microblaze_I/libsrc/cpu_v2_7/src -s include  "SHELL=CMD" "COMPILER=mb-gcc" "ARCHIVER=mb-ar" "COMPILER_FLAGS=  -O2 -c -mcpu=v10.0 -mlittle-endian -mno-xl-reorder -mxl-soft-mul" "EXTRA_COMPILER_FLAGS=-ffunction-sections -fdata-sections -Wall -Wextra"
"Running Make include in microblaze_I/libsrc/iomodule_v2_5/src"
make -C microblaze_I/libsrc/iomodule_v2_5/src -s include  "SHELL=CMD" "COMPILER=mb-gcc" "ARCHIVER=mb-ar" "COMPILER_FLAGS=  -O2 -c -mcpu=v10.0 -mlittle-endian -mno-xl-reorder -mxl-soft-mul" "EXTRA_COMPILER_FLAGS=-ffunction-sections -fdata-sections -Wall -Wextra"
"Running Make include in microblaze_I/libsrc/standalone_v6_7/src"
make -C microblaze_I/libsrc/standalone_v6_7/src -s include  "SHELL=CMD" "COMPILER=mb-gcc" "ARCHIVER=mb-ar" "COMPILER_FLAGS=  -O2 -c -mcpu=v10.0 -mlittle-endian -mno-xl-reorder -mxl-soft-mul" "EXTRA_COMPILER_FLAGS=-ffunction-sections -fdata-sections -Wall -Wextra"
"Running Make libs in microblaze_I/libsrc/bram_v4_2/src"
make -C microblaze_I/libsrc/bram_v4_2/src -s libs  "SHELL=CMD" "COMPILER=mb-gcc" "ARCHIVER=mb-ar" "COMPILER_FLAGS=  -O2 -c -mcpu=v10.0 -mlittle-endian -mno-xl-reorder -mxl-soft-mul" "EXTRA_COMPILER_FLAGS=-ffunction-sections -fdata-sections -Wall -Wextra"
"Compiling bram"
mb-ar: creating ../../../lib/libxil.a
"Running Make libs in microblaze_I/libsrc/cpu_v2_7/src"
make -C microblaze_I/libsrc/cpu_v2_7/src -s libs  "SHELL=CMD" "COMPILER=mb-gcc" "ARCHIVER=mb-ar" "COMPILER_FLAGS=  -O2 -c -mcpu=v10.0 -mlittle-endian -mno-xl-reorder -mxl-soft-mul" "EXTRA_COMPILER_FLAGS=-ffunction-sections -fdata-sections -Wall -Wextra"
"Compiling cpu"
"Running Make libs in microblaze_I/libsrc/iomodule_v2_5/src"
make -C microblaze_I/libsrc/iomodule_v2_5/src -s libs  "SHELL=CMD" "COMPILER=mb-gcc" "ARCHIVER=mb-ar" "COMPILER_FLAGS=  -O2 -c -mcpu=v10.0 -mlittle-endian -mno-xl-reorder -mxl-soft-mul" "EXTRA_COMPILER_FLAGS=-ffunction-sections -fdata-sections -Wall -Wextra"
"Compiling iomodule"
xiomodule.c: In function 'XIOModule_Initialize':
xiomodule.c:170:18: warning: comparison is always false due to limited range of data type [-Wtype-limits]
  for (Id = 0; Id < XPAR_IOMODULE_INTC_MAX_INTR_SIZE; Id++) {
                  ^
xiomodule.c:216:19: warning: comparison is always false due to limited range of data type [-Wtype-limits]
   for (Id = 0; Id < XPAR_IOMODULE_INTC_MAX_INTR_SIZE; Id++) {
                   ^
In file included from ../../../include/xstatus.h:55:0,
                 from xiomodule.h:265,
                 from xiomodule.c:60:
xiomodule.c: In function 'XIOModule_Connect':
xiomodule.c:344:23: warning: comparison is always false due to limited range of data type [-Wtype-limits]
  Xil_AssertNonvoid(Id < XPAR_IOMODULE_INTC_MAX_INTR_SIZE);
                       ^
../../../include/xil_assert.h:132:9: note: in definition of macro 'Xil_AssertNonvoid'
     if (Expression) {                              \
         ^~~~~~~~~~
xiomodule.c: In function 'XIOModule_Disconnect':
xiomodule.c:384:20: warning: comparison is always false due to limited range of data type [-Wtype-limits]
  Xil_AssertVoid(Id < XPAR_IOMODULE_INTC_MAX_INTR_SIZE);
                    ^
../../../include/xil_assert.h:107:9: note: in definition of macro 'Xil_AssertVoid'
     if (Expression) {                              \
         ^~~~~~~~~~
xiomodule.c: In function 'XIOModule_Enable':
xiomodule.c:434:20: warning: comparison is always false due to limited range of data type [-Wtype-limits]
  Xil_AssertVoid(Id < XPAR_IOMODULE_INTC_MAX_INTR_SIZE);
                    ^
../../../include/xil_assert.h:107:9: note: in definition of macro 'Xil_AssertVoid'
     if (Expression) {                              \
         ^~~~~~~~~~
xiomodule.c: In function 'XIOModule_Disable':
xiomodule.c:480:20: warning: comparison is always false due to limited range of data type [-Wtype-limits]
  Xil_AssertVoid(Id < XPAR_IOMODULE_INTC_MAX_INTR_SIZE);
                    ^
../../../include/xil_assert.h:107:9: note: in definition of macro 'Xil_AssertVoid'
     if (Expression) {                              \
         ^~~~~~~~~~
xiomodule.c: In function 'XIOModule_Acknowledge':
xiomodule.c:524:20: warning: comparison is always false due to limited range of data type [-Wtype-limits]
  Xil_AssertVoid(Id < XPAR_IOMODULE_INTC_MAX_INTR_SIZE);
                    ^
../../../include/xil_assert.h:107:9: note: in definition of macro 'Xil_AssertVoid'
     if (Expression) {                              \
         ^~~~~~~~~~
xiomodule.c: In function 'XIOModule_ConnectFastHandler':
xiomodule.c:629:23: warning: comparison is always false due to limited range of data type [-Wtype-limits]
  Xil_AssertNonvoid(Id < XPAR_IOMODULE_INTC_MAX_INTR_SIZE);
                       ^
../../../include/xil_assert.h:132:9: note: in definition of macro 'Xil_AssertNonvoid'
     if (Expression) {                              \
         ^~~~~~~~~~
xiomodule.c: In function 'XIOModule_SetNormalIntrMode':
xiomodule.c:705:20: warning: comparison is always false due to limited range of data type [-Wtype-limits]
  Xil_AssertVoid(Id < XPAR_IOMODULE_INTC_MAX_INTR_SIZE);
                    ^
../../../include/xil_assert.h:107:9: note: in definition of macro 'Xil_AssertVoid'
     if (Expression) {                              \
         ^~~~~~~~~~
xiomodule_l.c: In function 'XIOModule_DeviceInterruptHandler':
xiomodule_l.c:168:35: warning: comparison of unsigned expression < 0 is always false [-Wtype-limits]
  for (IntrNumber = 0U; IntrNumber < XPAR_IOMODULE_INTC_MAX_INTR_SIZE;
                                   ^
xiomodule_l.c:153:15: warning: variable 'Register' set but not used [-Wunused-but-set-variable]
  volatile u32 Register;   /* used as bit bucket */
               ^~~~~~~~
"Running Make libs in microblaze_I/libsrc/standalone_v6_7/src"
make -C microblaze_I/libsrc/standalone_v6_7/src -s libs  "SHELL=CMD" "COMPILER=mb-gcc" "ARCHIVER=mb-ar" "COMPILER_FLAGS=  -O2 -c -mcpu=v10.0 -mlittle-endian -mno-xl-reorder -mxl-soft-mul" "EXTRA_COMPILER_FLAGS=-ffunction-sections -fdata-sections -Wall -Wextra"
"Compiling standalone";
microblaze_sleep.c:74:9: note: #pragma message: For the sleep routines, assembly instructions are used
 #pragma message ("For the sleep routines, assembly instructions are used")
         ^~~~~~~
'Finished building libraries'
21:04:41 **** Build of configuration Debug for project video_sampler ****
make all 
'Building file: ../src/main.cc'
'Invoking: MicroBlaze g++ compiler'
mb-g++ -Wall -O0 -g3 -c -fmessage-length=0 -MT"src/main.o" -I../../standalone_bsp_0/microblaze_I/include -mno-xl-reorder -mlittle-endian -mcpu=v10.0 -mxl-soft-mul -Wl,--no-relax -ffunction-sections -fdata-sections -MMD -MP -MF"src/main.d" -MT"src/main.o" -o "src/main.o" "../src/main.cc"
'Finished building: ../src/main.cc'
' '
'Building target: video_sampler.elf'
'Invoking: MicroBlaze g++ linker'
mb-g++ -Wl,-T -Wl,../src/lscript.ld -L../../standalone_bsp_0/microblaze_I/lib -mlittle-endian -mcpu=v10.0 -mxl-soft-mul -Wl,--no-relax -Wl,--gc-sections -o "video_sampler.elf"  ./src/main.o   -Wl,--start-group,-lxil,-lgcc,-lc,-lstdc++,--end-group
'Finished building target: video_sampler.elf'
' '
'Invoking: MicroBlaze Print Size'
mb-size video_sampler.elf  |tee "video_sampler.elf.size"
   text	   data	    bss	    dec	    hex	filename
   1952	    268	   3108	   5328	   14d0	video_sampler.elf
'Finished building: video_sampler.elf.size'
' '
21:05:31 **** Auto Build of configuration Debug for project video_sampler ****
make all 
make: Nothing to be done for `all'.
21:05:36 **** Clean-only build of configuration Debug for project video_sampler ****
make clean 
rm -rf  ./src/main.d  ./src/drivers/adsr_core.o ./src/drivers/chu_init.o ./src/drivers/ddfs_core.o ./src/drivers/gpio_cores.o ./src/drivers/i2c_core.o ./src/drivers/ps2_core.o ./src/drivers/spi_core.o ./src/drivers/sseg_core.o ./src/drivers/timer_core.o ./src/drivers/uart_core.o ./src/drivers/vga_core.o ./src/drivers/xadc_core.o  ./src/application/main_video_test.o  ./src/main.o  ./src/drivers/adsr_core.d ./src/drivers/chu_init.d ./src/drivers/ddfs_core.d ./src/drivers/gpio_cores.d ./src/drivers/i2c_core.d ./src/drivers/ps2_core.d ./src/drivers/spi_core.d ./src/drivers/sseg_core.d ./src/drivers/timer_core.d ./src/drivers/uart_core.d ./src/drivers/vga_core.d ./src/drivers/xadc_core.d  ./src/application/main_video_test.d  video_sampler.elf.size  video_sampler.elf
' '
21:05:36 **** Auto Build of configuration Debug for project video_sampler ****
make all 
'Building file: ../src/drivers/adsr_core.cpp'
'Invoking: MicroBlaze g++ compiler'
mb-g++ -Wall -O0 -g3 -c -fmessage-length=0 -MT"src/drivers/adsr_core.o" -I../../standalone_bsp_0/microblaze_I/include -mno-xl-reorder -mlittle-endian -mcpu=v10.0 -mxl-soft-mul -Wl,--no-relax -ffunction-sections -fdata-sections -MMD -MP -MF"src/drivers/adsr_core.d" -MT"src/drivers/adsr_core.o" -o "src/drivers/adsr_core.o" "../src/drivers/adsr_core.cpp"
../src/drivers/adsr_core.cpp: In member function 'void AdsrCore::write_adsr_reg()':
../src/drivers/adsr_core.cpp:130:12: warning: comparison between signed and unsigned integer expressions [-Wsign-compare]
    if (ams == BYPASS_PATTERN) {
        ~~~~^~~~~~~~~~~~~~~~~
'Finished building: ../src/drivers/adsr_core.cpp'
' '
'Building file: ../src/drivers/chu_init.cpp'
'Invoking: MicroBlaze g++ compiler'
mb-g++ -Wall -O0 -g3 -c -fmessage-length=0 -MT"src/drivers/chu_init.o" -I../../standalone_bsp_0/microblaze_I/include -mno-xl-reorder -mlittle-endian -mcpu=v10.0 -mxl-soft-mul -Wl,--no-relax -ffunction-sections -fdata-sections -MMD -MP -MF"src/drivers/chu_init.d" -MT"src/drivers/chu_init.o" -o "src/drivers/chu_init.o" "../src/drivers/chu_init.cpp"
'Finished building: ../src/drivers/chu_init.cpp'
' '
'Building file: ../src/drivers/ddfs_core.cpp'
'Invoking: MicroBlaze g++ compiler'
mb-g++ -Wall -O0 -g3 -c -fmessage-length=0 -MT"src/drivers/ddfs_core.o" -I../../standalone_bsp_0/microblaze_I/include -mno-xl-reorder -mlittle-endian -mcpu=v10.0 -mxl-soft-mul -Wl,--no-relax -ffunction-sections -fdata-sections -MMD -MP -MF"src/drivers/ddfs_core.d" -MT"src/drivers/ddfs_core.o" -o "src/drivers/ddfs_core.o" "../src/drivers/ddfs_core.cpp"
'Finished building: ../src/drivers/ddfs_core.cpp'
' '
'Building file: ../src/drivers/gpio_cores.cpp'
'Invoking: MicroBlaze g++ compiler'
mb-g++ -Wall -O0 -g3 -c -fmessage-length=0 -MT"src/drivers/gpio_cores.o" -I../../standalone_bsp_0/microblaze_I/include -mno-xl-reorder -mlittle-endian -mcpu=v10.0 -mxl-soft-mul -Wl,--no-relax -ffunction-sections -fdata-sections -MMD -MP -MF"src/drivers/gpio_cores.d" -MT"src/drivers/gpio_cores.o" -o "src/drivers/gpio_cores.o" "../src/drivers/gpio_cores.cpp"
'Finished building: ../src/drivers/gpio_cores.cpp'
' '
'Building file: ../src/drivers/i2c_core.cpp'
'Invoking: MicroBlaze g++ compiler'
mb-g++ -Wall -O0 -g3 -c -fmessage-length=0 -MT"src/drivers/i2c_core.o" -I../../standalone_bsp_0/microblaze_I/include -mno-xl-reorder -mlittle-endian -mcpu=v10.0 -mxl-soft-mul -Wl,--no-relax -ffunction-sections -fdata-sections -MMD -MP -MF"src/drivers/i2c_core.d" -MT"src/drivers/i2c_core.o" -o "src/drivers/i2c_core.o" "../src/drivers/i2c_core.cpp"
'Finished building: ../src/drivers/i2c_core.cpp'
' '
'Building file: ../src/drivers/ps2_core.cpp'
'Invoking: MicroBlaze g++ compiler'
mb-g++ -Wall -O0 -g3 -c -fmessage-length=0 -MT"src/drivers/ps2_core.o" -I../../standalone_bsp_0/microblaze_I/include -mno-xl-reorder -mlittle-endian -mcpu=v10.0 -mxl-soft-mul -Wl,--no-relax -ffunction-sections -fdata-sections -MMD -MP -MF"src/drivers/ps2_core.d" -MT"src/drivers/ps2_core.o" -o "src/drivers/ps2_core.o" "../src/drivers/ps2_core.cpp"
'Finished building: ../src/drivers/ps2_core.cpp'
' '
'Building file: ../src/drivers/spi_core.cpp'
'Invoking: MicroBlaze g++ compiler'
mb-g++ -Wall -O0 -g3 -c -fmessage-length=0 -MT"src/drivers/spi_core.o" -I../../standalone_bsp_0/microblaze_I/include -mno-xl-reorder -mlittle-endian -mcpu=v10.0 -mxl-soft-mul -Wl,--no-relax -ffunction-sections -fdata-sections -MMD -MP -MF"src/drivers/spi_core.d" -MT"src/drivers/spi_core.o" -o "src/drivers/spi_core.o" "../src/drivers/spi_core.cpp"
'Finished building: ../src/drivers/spi_core.cpp'
' '
'Building file: ../src/drivers/sseg_core.cpp'
'Invoking: MicroBlaze g++ compiler'
mb-g++ -Wall -O0 -g3 -c -fmessage-length=0 -MT"src/drivers/sseg_core.o" -I../../standalone_bsp_0/microblaze_I/include -mno-xl-reorder -mlittle-endian -mcpu=v10.0 -mxl-soft-mul -Wl,--no-relax -ffunction-sections -fdata-sections -MMD -MP -MF"src/drivers/sseg_core.d" -MT"src/drivers/sseg_core.o" -o "src/drivers/sseg_core.o" "../src/drivers/sseg_core.cpp"
'Finished building: ../src/drivers/sseg_core.cpp'
' '
'Building file: ../src/drivers/timer_core.cpp'
'Invoking: MicroBlaze g++ compiler'
mb-g++ -Wall -O0 -g3 -c -fmessage-length=0 -MT"src/drivers/timer_core.o" -I../../standalone_bsp_0/microblaze_I/include -mno-xl-reorder -mlittle-endian -mcpu=v10.0 -mxl-soft-mul -Wl,--no-relax -ffunction-sections -fdata-sections -MMD -MP -MF"src/drivers/timer_core.d" -MT"src/drivers/timer_core.o" -o "src/drivers/timer_core.o" "../src/drivers/timer_core.cpp"
'Finished building: ../src/drivers/timer_core.cpp'
' '
'Building file: ../src/drivers/uart_core.cpp'
'Invoking: MicroBlaze g++ compiler'
mb-g++ -Wall -O0 -g3 -c -fmessage-length=0 -MT"src/drivers/uart_core.o" -I../../standalone_bsp_0/microblaze_I/include -mno-xl-reorder -mlittle-endian -mcpu=v10.0 -mxl-soft-mul -Wl,--no-relax -ffunction-sections -fdata-sections -MMD -MP -MF"src/drivers/uart_core.d" -MT"src/drivers/uart_core.o" -o "src/drivers/uart_core.o" "../src/drivers/uart_core.cpp"
'Finished building: ../src/drivers/uart_core.cpp'
' '
'Building file: ../src/drivers/vga_core.cpp'
'Invoking: MicroBlaze g++ compiler'
mb-g++ -Wall -O0 -g3 -c -fmessage-length=0 -MT"src/drivers/vga_core.o" -I../../standalone_bsp_0/microblaze_I/include -mno-xl-reorder -mlittle-endian -mcpu=v10.0 -mxl-soft-mul -Wl,--no-relax -ffunction-sections -fdata-sections -MMD -MP -MF"src/drivers/vga_core.d" -MT"src/drivers/vga_core.o" -o "src/drivers/vga_core.o" "../src/drivers/vga_core.cpp"
'Finished building: ../src/drivers/vga_core.cpp'
' '
'Building file: ../src/drivers/xadc_core.cpp'
'Invoking: MicroBlaze g++ compiler'
mb-g++ -Wall -O0 -g3 -c -fmessage-length=0 -MT"src/drivers/xadc_core.o" -I../../standalone_bsp_0/microblaze_I/include -mno-xl-reorder -mlittle-endian -mcpu=v10.0 -mxl-soft-mul -Wl,--no-relax -ffunction-sections -fdata-sections -MMD -MP -MF"src/drivers/xadc_core.d" -MT"src/drivers/xadc_core.o" -o "src/drivers/xadc_core.o" "../src/drivers/xadc_core.cpp"
'Finished building: ../src/drivers/xadc_core.cpp'
' '
'Building file: ../src/main.cc'
'Invoking: MicroBlaze g++ compiler'
mb-g++ -Wall -O0 -g3 -c -fmessage-length=0 -MT"src/main.o" -I../../standalone_bsp_0/microblaze_I/include -mno-xl-reorder -mlittle-endian -mcpu=v10.0 -mxl-soft-mul -Wl,--no-relax -ffunction-sections -fdata-sections -MMD -MP -MF"src/main.d" -MT"src/main.o" -o "src/main.o" "../src/main.cc"
'Finished building: ../src/main.cc'
' '
'Building file: ../src/main_video_test.cpp'
'Invoking: MicroBlaze g++ compiler'
mb-g++ -Wall -O0 -g3 -c -fmessage-length=0 -MT"src/main_video_test.o" -I../../standalone_bsp_0/microblaze_I/include -mno-xl-reorder -mlittle-endian -mcpu=v10.0 -mxl-soft-mul -Wl,--no-relax -ffunction-sections -fdata-sections -MMD -MP -MF"src/main_video_test.d" -MT"src/main_video_test.o" -o "src/main_video_test.o" "../src/main_video_test.cpp"
../src/main_video_test.cpp:11:10: fatal error: chu_init.h: No such file or directory
 #include "chu_init.h"
          ^~~~~~~~~~~~
compilation terminated.
make: *** [src/main_video_test.o] Error 1
21:05:44 **** Clean-only build of configuration Debug for project video_sampler ****
make clean 
rm -rf  ./src/main.d  ./src/drivers/adsr_core.o ./src/drivers/chu_init.o ./src/drivers/ddfs_core.o ./src/drivers/gpio_cores.o ./src/drivers/i2c_core.o ./src/drivers/ps2_core.o ./src/drivers/spi_core.o ./src/drivers/sseg_core.o ./src/drivers/timer_core.o ./src/drivers/uart_core.o ./src/drivers/vga_core.o ./src/drivers/xadc_core.o  ./src/main.o ./src/main_video_test.o  ./src/drivers/adsr_core.d ./src/drivers/chu_init.d ./src/drivers/ddfs_core.d ./src/drivers/gpio_cores.d ./src/drivers/i2c_core.d ./src/drivers/ps2_core.d ./src/drivers/spi_core.d ./src/drivers/sseg_core.d ./src/drivers/timer_core.d ./src/drivers/uart_core.d ./src/drivers/vga_core.d ./src/drivers/xadc_core.d  ./src/main_video_test.d  video_sampler.elf.size  video_sampler.elf
' '
21:05:44 **** Auto Build of configuration Debug for project video_sampler ****
make all 
'Building file: ../src/application/adsr_core.cpp'
'Invoking: MicroBlaze g++ compiler'
mb-g++ -Wall -O0 -g3 -c -fmessage-length=0 -MT"src/application/adsr_core.o" -I../../standalone_bsp_0/microblaze_I/include -mno-xl-reorder -mlittle-endian -mcpu=v10.0 -mxl-soft-mul -Wl,--no-relax -ffunction-sections -fdata-sections -MMD -MP -MF"src/application/adsr_core.d" -MT"src/application/adsr_core.o" -o "src/application/adsr_core.o" "../src/application/adsr_core.cpp"
../src/application/adsr_core.cpp: In member function 'void AdsrCore::write_adsr_reg()':
../src/application/adsr_core.cpp:130:12: warning: comparison between signed and unsigned integer expressions [-Wsign-compare]
    if (ams == BYPASS_PATTERN) {
        ~~~~^~~~~~~~~~~~~~~~~
'Finished building: ../src/application/adsr_core.cpp'
' '
'Building file: ../src/application/chu_init.cpp'
'Invoking: MicroBlaze g++ compiler'
mb-g++ -Wall -O0 -g3 -c -fmessage-length=0 -MT"src/application/chu_init.o" -I../../standalone_bsp_0/microblaze_I/include -mno-xl-reorder -mlittle-endian -mcpu=v10.0 -mxl-soft-mul -Wl,--no-relax -ffunction-sections -fdata-sections -MMD -MP -MF"src/application/chu_init.d" -MT"src/application/chu_init.o" -o "src/application/chu_init.o" "../src/application/chu_init.cpp"
'Finished building: ../src/application/chu_init.cpp'
' '
'Building file: ../src/application/ddfs_core.cpp'
'Invoking: MicroBlaze g++ compiler'
mb-g++ -Wall -O0 -g3 -c -fmessage-length=0 -MT"src/application/ddfs_core.o" -I../../standalone_bsp_0/microblaze_I/include -mno-xl-reorder -mlittle-endian -mcpu=v10.0 -mxl-soft-mul -Wl,--no-relax -ffunction-sections -fdata-sections -MMD -MP -MF"src/application/ddfs_core.d" -MT"src/application/ddfs_core.o" -o "src/application/ddfs_core.o" "../src/application/ddfs_core.cpp"
'Finished building: ../src/application/ddfs_core.cpp'
' '
'Building file: ../src/application/gpio_cores.cpp'
'Invoking: MicroBlaze g++ compiler'
mb-g++ -Wall -O0 -g3 -c -fmessage-length=0 -MT"src/application/gpio_cores.o" -I../../standalone_bsp_0/microblaze_I/include -mno-xl-reorder -mlittle-endian -mcpu=v10.0 -mxl-soft-mul -Wl,--no-relax -ffunction-sections -fdata-sections -MMD -MP -MF"src/application/gpio_cores.d" -MT"src/application/gpio_cores.o" -o "src/application/gpio_cores.o" "../src/application/gpio_cores.cpp"
'Finished building: ../src/application/gpio_cores.cpp'
' '
'Building file: ../src/application/i2c_core.cpp'
'Invoking: MicroBlaze g++ compiler'
mb-g++ -Wall -O0 -g3 -c -fmessage-length=0 -MT"src/application/i2c_core.o" -I../../standalone_bsp_0/microblaze_I/include -mno-xl-reorder -mlittle-endian -mcpu=v10.0 -mxl-soft-mul -Wl,--no-relax -ffunction-sections -fdata-sections -MMD -MP -MF"src/application/i2c_core.d" -MT"src/application/i2c_core.o" -o "src/application/i2c_core.o" "../src/application/i2c_core.cpp"
'Finished building: ../src/application/i2c_core.cpp'
' '
'Building file: ../src/application/ps2_core.cpp'
'Invoking: MicroBlaze g++ compiler'
mb-g++ -Wall -O0 -g3 -c -fmessage-length=0 -MT"src/application/ps2_core.o" -I../../standalone_bsp_0/microblaze_I/include -mno-xl-reorder -mlittle-endian -mcpu=v10.0 -mxl-soft-mul -Wl,--no-relax -ffunction-sections -fdata-sections -MMD -MP -MF"src/application/ps2_core.d" -MT"src/application/ps2_core.o" -o "src/application/ps2_core.o" "../src/application/ps2_core.cpp"
'Finished building: ../src/application/ps2_core.cpp'
' '
'Building file: ../src/application/spi_core.cpp'
'Invoking: MicroBlaze g++ compiler'
mb-g++ -Wall -O0 -g3 -c -fmessage-length=0 -MT"src/application/spi_core.o" -I../../standalone_bsp_0/microblaze_I/include -mno-xl-reorder -mlittle-endian -mcpu=v10.0 -mxl-soft-mul -Wl,--no-relax -ffunction-sections -fdata-sections -MMD -MP -MF"src/application/spi_core.d" -MT"src/application/spi_core.o" -o "src/application/spi_core.o" "../src/application/spi_core.cpp"
'Finished building: ../src/application/spi_core.cpp'
' '
'Building file: ../src/application/sseg_core.cpp'
'Invoking: MicroBlaze g++ compiler'
mb-g++ -Wall -O0 -g3 -c -fmessage-length=0 -MT"src/application/sseg_core.o" -I../../standalone_bsp_0/microblaze_I/include -mno-xl-reorder -mlittle-endian -mcpu=v10.0 -mxl-soft-mul -Wl,--no-relax -ffunction-sections -fdata-sections -MMD -MP -MF"src/application/sseg_core.d" -MT"src/application/sseg_core.o" -o "src/application/sseg_core.o" "../src/application/sseg_core.cpp"
'Finished building: ../src/application/sseg_core.cpp'
' '
'Building file: ../src/application/timer_core.cpp'
'Invoking: MicroBlaze g++ compiler'
mb-g++ -Wall -O0 -g3 -c -fmessage-length=0 -MT"src/application/timer_core.o" -I../../standalone_bsp_0/microblaze_I/include -mno-xl-reorder -mlittle-endian -mcpu=v10.0 -mxl-soft-mul -Wl,--no-relax -ffunction-sections -fdata-sections -MMD -MP -MF"src/application/timer_core.d" -MT"src/application/timer_core.o" -o "src/application/timer_core.o" "../src/application/timer_core.cpp"
'Finished building: ../src/application/timer_core.cpp'
' '
'Building file: ../src/application/uart_core.cpp'
'Invoking: MicroBlaze g++ compiler'
mb-g++ -Wall -O0 -g3 -c -fmessage-length=0 -MT"src/application/uart_core.o" -I../../standalone_bsp_0/microblaze_I/include -mno-xl-reorder -mlittle-endian -mcpu=v10.0 -mxl-soft-mul -Wl,--no-relax -ffunction-sections -fdata-sections -MMD -MP -MF"src/application/uart_core.d" -MT"src/application/uart_core.o" -o "src/application/uart_core.o" "../src/application/uart_core.cpp"
'Finished building: ../src/application/uart_core.cpp'
' '
'Building file: ../src/application/vga_core.cpp'
'Invoking: MicroBlaze g++ compiler'
mb-g++ -Wall -O0 -g3 -c -fmessage-length=0 -MT"src/application/vga_core.o" -I../../standalone_bsp_0/microblaze_I/include -mno-xl-reorder -mlittle-endian -mcpu=v10.0 -mxl-soft-mul -Wl,--no-relax -ffunction-sections -fdata-sections -MMD -MP -MF"src/application/vga_core.d" -MT"src/application/vga_core.o" -o "src/application/vga_core.o" "../src/application/vga_core.cpp"
'Finished building: ../src/application/vga_core.cpp'
' '
'Building file: ../src/application/xadc_core.cpp'
'Invoking: MicroBlaze g++ compiler'
mb-g++ -Wall -O0 -g3 -c -fmessage-length=0 -MT"src/application/xadc_core.o" -I../../standalone_bsp_0/microblaze_I/include -mno-xl-reorder -mlittle-endian -mcpu=v10.0 -mxl-soft-mul -Wl,--no-relax -ffunction-sections -fdata-sections -MMD -MP -MF"src/application/xadc_core.d" -MT"src/application/xadc_core.o" -o "src/application/xadc_core.o" "../src/application/xadc_core.cpp"
'Finished building: ../src/application/xadc_core.cpp'
' '
'Building file: ../src/main.cc'
'Invoking: MicroBlaze g++ compiler'
mb-g++ -Wall -O0 -g3 -c -fmessage-length=0 -MT"src/main.o" -I../../standalone_bsp_0/microblaze_I/include -mno-xl-reorder -mlittle-endian -mcpu=v10.0 -mxl-soft-mul -Wl,--no-relax -ffunction-sections -fdata-sections -MMD -MP -MF"src/main.d" -MT"src/main.o" -o "src/main.o" "../src/main.cc"
'Finished building: ../src/main.cc'
' '
'Building file: ../src/main_video_test.cpp'
'Invoking: MicroBlaze g++ compiler'
mb-g++ -Wall -O0 -g3 -c -fmessage-length=0 -MT"src/main_video_test.o" -I../../standalone_bsp_0/microblaze_I/include -mno-xl-reorder -mlittle-endian -mcpu=v10.0 -mxl-soft-mul -Wl,--no-relax -ffunction-sections -fdata-sections -MMD -MP -MF"src/main_video_test.d" -MT"src/main_video_test.o" -o "src/main_video_test.o" "../src/main_video_test.cpp"
../src/main_video_test.cpp:11:10: fatal error: chu_init.h: No such file or directory
 #include "chu_init.h"
          ^~~~~~~~~~~~
compilation terminated.
make: *** [src/main_video_test.o] Error 1
21:05:52 **** Clean-only build of configuration Debug for project video_sampler ****
make clean 
rm -rf  ./src/main.d  ./src/application/adsr_core.o ./src/application/chu_init.o ./src/application/ddfs_core.o ./src/application/gpio_cores.o ./src/application/i2c_core.o ./src/application/ps2_core.o ./src/application/spi_core.o ./src/application/sseg_core.o ./src/application/timer_core.o ./src/application/uart_core.o ./src/application/vga_core.o ./src/application/xadc_core.o  ./src/main.o ./src/main_video_test.o  ./src/application/adsr_core.d ./src/application/chu_init.d ./src/application/ddfs_core.d ./src/application/gpio_cores.d ./src/application/i2c_core.d ./src/application/ps2_core.d ./src/application/spi_core.d ./src/application/sseg_core.d ./src/application/timer_core.d ./src/application/uart_core.d ./src/application/vga_core.d ./src/application/xadc_core.d  ./src/main_video_test.d  video_sampler.elf.size  video_sampler.elf
' '
21:05:52 **** Auto Build of configuration Debug for project video_sampler ****
make all 
'Building file: ../src/adsr_core.cpp'
'Invoking: MicroBlaze g++ compiler'
mb-g++ -Wall -O0 -g3 -c -fmessage-length=0 -MT"src/adsr_core.o" -I../../standalone_bsp_0/microblaze_I/include -mno-xl-reorder -mlittle-endian -mcpu=v10.0 -mxl-soft-mul -Wl,--no-relax -ffunction-sections -fdata-sections -MMD -MP -MF"src/adsr_core.d" -MT"src/adsr_core.o" -o "src/adsr_core.o" "../src/adsr_core.cpp"
../src/adsr_core.cpp: In member function 'void AdsrCore::write_adsr_reg()':
../src/adsr_core.cpp:130:12: warning: comparison between signed and unsigned integer expressions [-Wsign-compare]
    if (ams == BYPASS_PATTERN) {
        ~~~~^~~~~~~~~~~~~~~~~
'Finished building: ../src/adsr_core.cpp'
' '
'Building file: ../src/chu_init.cpp'
'Invoking: MicroBlaze g++ compiler'
mb-g++ -Wall -O0 -g3 -c -fmessage-length=0 -MT"src/chu_init.o" -I../../standalone_bsp_0/microblaze_I/include -mno-xl-reorder -mlittle-endian -mcpu=v10.0 -mxl-soft-mul -Wl,--no-relax -ffunction-sections -fdata-sections -MMD -MP -MF"src/chu_init.d" -MT"src/chu_init.o" -o "src/chu_init.o" "../src/chu_init.cpp"
'Finished building: ../src/chu_init.cpp'
' '
'Building file: ../src/ddfs_core.cpp'
'Invoking: MicroBlaze g++ compiler'
mb-g++ -Wall -O0 -g3 -c -fmessage-length=0 -MT"src/ddfs_core.o" -I../../standalone_bsp_0/microblaze_I/include -mno-xl-reorder -mlittle-endian -mcpu=v10.0 -mxl-soft-mul -Wl,--no-relax -ffunction-sections -fdata-sections -MMD -MP -MF"src/ddfs_core.d" -MT"src/ddfs_core.o" -o "src/ddfs_core.o" "../src/ddfs_core.cpp"
'Finished building: ../src/ddfs_core.cpp'
' '
'Building file: ../src/gpio_cores.cpp'
'Invoking: MicroBlaze g++ compiler'
mb-g++ -Wall -O0 -g3 -c -fmessage-length=0 -MT"src/gpio_cores.o" -I../../standalone_bsp_0/microblaze_I/include -mno-xl-reorder -mlittle-endian -mcpu=v10.0 -mxl-soft-mul -Wl,--no-relax -ffunction-sections -fdata-sections -MMD -MP -MF"src/gpio_cores.d" -MT"src/gpio_cores.o" -o "src/gpio_cores.o" "../src/gpio_cores.cpp"
'Finished building: ../src/gpio_cores.cpp'
' '
'Building file: ../src/i2c_core.cpp'
'Invoking: MicroBlaze g++ compiler'
mb-g++ -Wall -O0 -g3 -c -fmessage-length=0 -MT"src/i2c_core.o" -I../../standalone_bsp_0/microblaze_I/include -mno-xl-reorder -mlittle-endian -mcpu=v10.0 -mxl-soft-mul -Wl,--no-relax -ffunction-sections -fdata-sections -MMD -MP -MF"src/i2c_core.d" -MT"src/i2c_core.o" -o "src/i2c_core.o" "../src/i2c_core.cpp"
'Finished building: ../src/i2c_core.cpp'
' '
'Building file: ../src/main.cc'
'Invoking: MicroBlaze g++ compiler'
mb-g++ -Wall -O0 -g3 -c -fmessage-length=0 -MT"src/main.o" -I../../standalone_bsp_0/microblaze_I/include -mno-xl-reorder -mlittle-endian -mcpu=v10.0 -mxl-soft-mul -Wl,--no-relax -ffunction-sections -fdata-sections -MMD -MP -MF"src/main.d" -MT"src/main.o" -o "src/main.o" "../src/main.cc"
'Finished building: ../src/main.cc'
' '
'Building file: ../src/main_video_test.cpp'
'Invoking: MicroBlaze g++ compiler'
mb-g++ -Wall -O0 -g3 -c -fmessage-length=0 -MT"src/main_video_test.o" -I../../standalone_bsp_0/microblaze_I/include -mno-xl-reorder -mlittle-endian -mcpu=v10.0 -mxl-soft-mul -Wl,--no-relax -ffunction-sections -fdata-sections -MMD -MP -MF"src/main_video_test.d" -MT"src/main_video_test.o" -o "src/main_video_test.o" "../src/main_video_test.cpp"
'Finished building: ../src/main_video_test.cpp'
' '
'Building file: ../src/ps2_core.cpp'
'Invoking: MicroBlaze g++ compiler'
mb-g++ -Wall -O0 -g3 -c -fmessage-length=0 -MT"src/ps2_core.o" -I../../standalone_bsp_0/microblaze_I/include -mno-xl-reorder -mlittle-endian -mcpu=v10.0 -mxl-soft-mul -Wl,--no-relax -ffunction-sections -fdata-sections -MMD -MP -MF"src/ps2_core.d" -MT"src/ps2_core.o" -o "src/ps2_core.o" "../src/ps2_core.cpp"
'Finished building: ../src/ps2_core.cpp'
' '
'Building file: ../src/spi_core.cpp'
'Invoking: MicroBlaze g++ compiler'
mb-g++ -Wall -O0 -g3 -c -fmessage-length=0 -MT"src/spi_core.o" -I../../standalone_bsp_0/microblaze_I/include -mno-xl-reorder -mlittle-endian -mcpu=v10.0 -mxl-soft-mul -Wl,--no-relax -ffunction-sections -fdata-sections -MMD -MP -MF"src/spi_core.d" -MT"src/spi_core.o" -o "src/spi_core.o" "../src/spi_core.cpp"
'Finished building: ../src/spi_core.cpp'
' '
'Building file: ../src/sseg_core.cpp'
'Invoking: MicroBlaze g++ compiler'
mb-g++ -Wall -O0 -g3 -c -fmessage-length=0 -MT"src/sseg_core.o" -I../../standalone_bsp_0/microblaze_I/include -mno-xl-reorder -mlittle-endian -mcpu=v10.0 -mxl-soft-mul -Wl,--no-relax -ffunction-sections -fdata-sections -MMD -MP -MF"src/sseg_core.d" -MT"src/sseg_core.o" -o "src/sseg_core.o" "../src/sseg_core.cpp"
'Finished building: ../src/sseg_core.cpp'
' '
'Building file: ../src/timer_core.cpp'
'Invoking: MicroBlaze g++ compiler'
mb-g++ -Wall -O0 -g3 -c -fmessage-length=0 -MT"src/timer_core.o" -I../../standalone_bsp_0/microblaze_I/include -mno-xl-reorder -mlittle-endian -mcpu=v10.0 -mxl-soft-mul -Wl,--no-relax -ffunction-sections -fdata-sections -MMD -MP -MF"src/timer_core.d" -MT"src/timer_core.o" -o "src/timer_core.o" "../src/timer_core.cpp"
'Finished building: ../src/timer_core.cpp'
' '
'Building file: ../src/uart_core.cpp'
'Invoking: MicroBlaze g++ compiler'
mb-g++ -Wall -O0 -g3 -c -fmessage-length=0 -MT"src/uart_core.o" -I../../standalone_bsp_0/microblaze_I/include -mno-xl-reorder -mlittle-endian -mcpu=v10.0 -mxl-soft-mul -Wl,--no-relax -ffunction-sections -fdata-sections -MMD -MP -MF"src/uart_core.d" -MT"src/uart_core.o" -o "src/uart_core.o" "../src/uart_core.cpp"
'Finished building: ../src/uart_core.cpp'
' '
'Building file: ../src/vga_core.cpp'
'Invoking: MicroBlaze g++ compiler'
mb-g++ -Wall -O0 -g3 -c -fmessage-length=0 -MT"src/vga_core.o" -I../../standalone_bsp_0/microblaze_I/include -mno-xl-reorder -mlittle-endian -mcpu=v10.0 -mxl-soft-mul -Wl,--no-relax -ffunction-sections -fdata-sections -MMD -MP -MF"src/vga_core.d" -MT"src/vga_core.o" -o "src/vga_core.o" "../src/vga_core.cpp"
'Finished building: ../src/vga_core.cpp'
' '
'Building file: ../src/xadc_core.cpp'
'Invoking: MicroBlaze g++ compiler'
mb-g++ -Wall -O0 -g3 -c -fmessage-length=0 -MT"src/xadc_core.o" -I../../standalone_bsp_0/microblaze_I/include -mno-xl-reorder -mlittle-endian -mcpu=v10.0 -mxl-soft-mul -Wl,--no-relax -ffunction-sections -fdata-sections -MMD -MP -MF"src/xadc_core.d" -MT"src/xadc_core.o" -o "src/xadc_core.o" "../src/xadc_core.cpp"
'Finished building: ../src/xadc_core.cpp'
' '
'Building target: video_sampler.elf'
'Invoking: MicroBlaze g++ linker'
mb-g++ -Wl,-T -Wl,../src/lscript.ld -L../../standalone_bsp_0/microblaze_I/lib -mlittle-endian -mcpu=v10.0 -mxl-soft-mul -Wl,--no-relax -Wl,--gc-sections -o "video_sampler.elf"  ./src/adsr_core.o ./src/chu_init.o ./src/ddfs_core.o ./src/gpio_cores.o ./src/i2c_core.o ./src/main.o ./src/main_video_test.o ./src/ps2_core.o ./src/spi_core.o ./src/sseg_core.o ./src/timer_core.o ./src/uart_core.o ./src/vga_core.o ./src/xadc_core.o   -Wl,--start-group,-lxil,-lgcc,-lc,-lstdc++,--end-group
./src/main_video_test.o: In function `main':
C:\Users\matta\Vivado_projects\video_sampler\video_sampler.sdk\video_sampler\Debug/../src/main_video_test.cpp:149: multiple definition of `main'
./src/main.o:C:\Users\matta\Vivado_projects\video_sampler\video_sampler.sdk\video_sampler\Debug/../src/main.cc:6: first defined here
collect2.exe: error: ld returned 1 exit status
make: *** [video_sampler.elf] Error 1
21:06:00 **** Clean-only build of configuration Debug for project video_sampler ****
make clean 
rm -rf  ./src/main.d  ./src/adsr_core.o ./src/chu_init.o ./src/ddfs_core.o ./src/gpio_cores.o ./src/i2c_core.o ./src/main.o ./src/main_video_test.o ./src/ps2_core.o ./src/spi_core.o ./src/sseg_core.o ./src/timer_core.o ./src/uart_core.o ./src/vga_core.o ./src/xadc_core.o  ./src/adsr_core.d ./src/chu_init.d ./src/ddfs_core.d ./src/gpio_cores.d ./src/i2c_core.d ./src/main_video_test.d ./src/ps2_core.d ./src/spi_core.d ./src/sseg_core.d ./src/timer_core.d ./src/uart_core.d ./src/vga_core.d ./src/xadc_core.d  video_sampler.elf.size  video_sampler.elf
' '
21:06:00 **** Auto Build of configuration Debug for project video_sampler ****
make all 
'Building file: ../src/adsr_core.cpp'
'Invoking: MicroBlaze g++ compiler'
mb-g++ -Wall -O0 -g3 -c -fmessage-length=0 -MT"src/adsr_core.o" -I../../standalone_bsp_0/microblaze_I/include -mno-xl-reorder -mlittle-endian -mcpu=v10.0 -mxl-soft-mul -Wl,--no-relax -ffunction-sections -fdata-sections -MMD -MP -MF"src/adsr_core.d" -MT"src/adsr_core.o" -o "src/adsr_core.o" "../src/adsr_core.cpp"
../src/adsr_core.cpp: In member function 'void AdsrCore::write_adsr_reg()':
../src/adsr_core.cpp:130:12: warning: comparison between signed and unsigned integer expressions [-Wsign-compare]
    if (ams == BYPASS_PATTERN) {
        ~~~~^~~~~~~~~~~~~~~~~
'Finished building: ../src/adsr_core.cpp'
' '
'Building file: ../src/chu_init.cpp'
'Invoking: MicroBlaze g++ compiler'
mb-g++ -Wall -O0 -g3 -c -fmessage-length=0 -MT"src/chu_init.o" -I../../standalone_bsp_0/microblaze_I/include -mno-xl-reorder -mlittle-endian -mcpu=v10.0 -mxl-soft-mul -Wl,--no-relax -ffunction-sections -fdata-sections -MMD -MP -MF"src/chu_init.d" -MT"src/chu_init.o" -o "src/chu_init.o" "../src/chu_init.cpp"
'Finished building: ../src/chu_init.cpp'
' '
'Building file: ../src/ddfs_core.cpp'
'Invoking: MicroBlaze g++ compiler'
mb-g++ -Wall -O0 -g3 -c -fmessage-length=0 -MT"src/ddfs_core.o" -I../../standalone_bsp_0/microblaze_I/include -mno-xl-reorder -mlittle-endian -mcpu=v10.0 -mxl-soft-mul -Wl,--no-relax -ffunction-sections -fdata-sections -MMD -MP -MF"src/ddfs_core.d" -MT"src/ddfs_core.o" -o "src/ddfs_core.o" "../src/ddfs_core.cpp"
'Finished building: ../src/ddfs_core.cpp'
' '
'Building file: ../src/gpio_cores.cpp'
'Invoking: MicroBlaze g++ compiler'
mb-g++ -Wall -O0 -g3 -c -fmessage-length=0 -MT"src/gpio_cores.o" -I../../standalone_bsp_0/microblaze_I/include -mno-xl-reorder -mlittle-endian -mcpu=v10.0 -mxl-soft-mul -Wl,--no-relax -ffunction-sections -fdata-sections -MMD -MP -MF"src/gpio_cores.d" -MT"src/gpio_cores.o" -o "src/gpio_cores.o" "../src/gpio_cores.cpp"
'Finished building: ../src/gpio_cores.cpp'
' '
'Building file: ../src/i2c_core.cpp'
'Invoking: MicroBlaze g++ compiler'
mb-g++ -Wall -O0 -g3 -c -fmessage-length=0 -MT"src/i2c_core.o" -I../../standalone_bsp_0/microblaze_I/include -mno-xl-reorder -mlittle-endian -mcpu=v10.0 -mxl-soft-mul -Wl,--no-relax -ffunction-sections -fdata-sections -MMD -MP -MF"src/i2c_core.d" -MT"src/i2c_core.o" -o "src/i2c_core.o" "../src/i2c_core.cpp"
'Finished building: ../src/i2c_core.cpp'
' '
'Building file: ../src/main.cc'
'Invoking: MicroBlaze g++ compiler'
mb-g++ -Wall -O0 -g3 -c -fmessage-length=0 -MT"src/main.o" -I../../standalone_bsp_0/microblaze_I/include -mno-xl-reorder -mlittle-endian -mcpu=v10.0 -mxl-soft-mul -Wl,--no-relax -ffunction-sections -fdata-sections -MMD -MP -MF"src/main.d" -MT"src/main.o" -o "src/main.o" "../src/main.cc"
'Finished building: ../src/main.cc'
' '
'Building file: ../src/main_video_test.cpp'
'Invoking: MicroBlaze g++ compiler'
mb-g++ -Wall -O0 -g3 -c -fmessage-length=0 -MT"src/main_video_test.o" -I../../standalone_bsp_0/microblaze_I/include -mno-xl-reorder -mlittle-endian -mcpu=v10.0 -mxl-soft-mul -Wl,--no-relax -ffunction-sections -fdata-sections -MMD -MP -MF"src/main_video_test.d" -MT"src/main_video_test.o" -o "src/main_video_test.o" "../src/main_video_test.cpp"
'Finished building: ../src/main_video_test.cpp'
' '
'Building file: ../src/ps2_core.cpp'
'Invoking: MicroBlaze g++ compiler'
mb-g++ -Wall -O0 -g3 -c -fmessage-length=0 -MT"src/ps2_core.o" -I../../standalone_bsp_0/microblaze_I/include -mno-xl-reorder -mlittle-endian -mcpu=v10.0 -mxl-soft-mul -Wl,--no-relax -ffunction-sections -fdata-sections -MMD -MP -MF"src/ps2_core.d" -MT"src/ps2_core.o" -o "src/ps2_core.o" "../src/ps2_core.cpp"
'Finished building: ../src/ps2_core.cpp'
' '
'Building file: ../src/spi_core.cpp'
'Invoking: MicroBlaze g++ compiler'
mb-g++ -Wall -O0 -g3 -c -fmessage-length=0 -MT"src/spi_core.o" -I../../standalone_bsp_0/microblaze_I/include -mno-xl-reorder -mlittle-endian -mcpu=v10.0 -mxl-soft-mul -Wl,--no-relax -ffunction-sections -fdata-sections -MMD -MP -MF"src/spi_core.d" -MT"src/spi_core.o" -o "src/spi_core.o" "../src/spi_core.cpp"
'Finished building: ../src/spi_core.cpp'
' '
'Building file: ../src/sseg_core.cpp'
'Invoking: MicroBlaze g++ compiler'
mb-g++ -Wall -O0 -g3 -c -fmessage-length=0 -MT"src/sseg_core.o" -I../../standalone_bsp_0/microblaze_I/include -mno-xl-reorder -mlittle-endian -mcpu=v10.0 -mxl-soft-mul -Wl,--no-relax -ffunction-sections -fdata-sections -MMD -MP -MF"src/sseg_core.d" -MT"src/sseg_core.o" -o "src/sseg_core.o" "../src/sseg_core.cpp"
'Finished building: ../src/sseg_core.cpp'
' '
'Building file: ../src/timer_core.cpp'
'Invoking: MicroBlaze g++ compiler'
mb-g++ -Wall -O0 -g3 -c -fmessage-length=0 -MT"src/timer_core.o" -I../../standalone_bsp_0/microblaze_I/include -mno-xl-reorder -mlittle-endian -mcpu=v10.0 -mxl-soft-mul -Wl,--no-relax -ffunction-sections -fdata-sections -MMD -MP -MF"src/timer_core.d" -MT"src/timer_core.o" -o "src/timer_core.o" "../src/timer_core.cpp"
'Finished building: ../src/timer_core.cpp'
' '
'Building file: ../src/uart_core.cpp'
'Invoking: MicroBlaze g++ compiler'
mb-g++ -Wall -O0 -g3 -c -fmessage-length=0 -MT"src/uart_core.o" -I../../standalone_bsp_0/microblaze_I/include -mno-xl-reorder -mlittle-endian -mcpu=v10.0 -mxl-soft-mul -Wl,--no-relax -ffunction-sections -fdata-sections -MMD -MP -MF"src/uart_core.d" -MT"src/uart_core.o" -o "src/uart_core.o" "../src/uart_core.cpp"
'Finished building: ../src/uart_core.cpp'
' '
'Building file: ../src/vga_core.cpp'
'Invoking: MicroBlaze g++ compiler'
mb-g++ -Wall -O0 -g3 -c -fmessage-length=0 -MT"src/vga_core.o" -I../../standalone_bsp_0/microblaze_I/include -mno-xl-reorder -mlittle-endian -mcpu=v10.0 -mxl-soft-mul -Wl,--no-relax -ffunction-sections -fdata-sections -MMD -MP -MF"src/vga_core.d" -MT"src/vga_core.o" -o "src/vga_core.o" "../src/vga_core.cpp"
'Finished building: ../src/vga_core.cpp'
' '
'Building file: ../src/xadc_core.cpp'
'Invoking: MicroBlaze g++ compiler'
mb-g++ -Wall -O0 -g3 -c -fmessage-length=0 -MT"src/xadc_core.o" -I../../standalone_bsp_0/microblaze_I/include -mno-xl-reorder -mlittle-endian -mcpu=v10.0 -mxl-soft-mul -Wl,--no-relax -ffunction-sections -fdata-sections -MMD -MP -MF"src/xadc_core.d" -MT"src/xadc_core.o" -o "src/xadc_core.o" "../src/xadc_core.cpp"
'Finished building: ../src/xadc_core.cpp'
' '
'Building target: video_sampler.elf'
'Invoking: MicroBlaze g++ linker'
mb-g++ -Wl,-T -Wl,../src/lscript.ld -L../../standalone_bsp_0/microblaze_I/lib -mlittle-endian -mcpu=v10.0 -mxl-soft-mul -Wl,--no-relax -Wl,--gc-sections -o "video_sampler.elf"  ./src/adsr_core.o ./src/chu_init.o ./src/ddfs_core.o ./src/gpio_cores.o ./src/i2c_core.o ./src/main.o ./src/main_video_test.o ./src/ps2_core.o ./src/spi_core.o ./src/sseg_core.o ./src/timer_core.o ./src/uart_core.o ./src/vga_core.o ./src/xadc_core.o   -Wl,--start-group,-lxil,-lgcc,-lc,-lstdc++,--end-group
./src/main_video_test.o: In function `main':
C:\Users\matta\Vivado_projects\video_sampler\video_sampler.sdk\video_sampler\Debug/../src/main_video_test.cpp:149: multiple definition of `main'
./src/main.o:C:\Users\matta\Vivado_projects\video_sampler\video_sampler.sdk\video_sampler\Debug/../src/main.cc:6: first defined here
collect2.exe: error: ld returned 1 exit status
make: *** [video_sampler.elf] Error 1
21:06:09 **** Auto Build of configuration Debug for project video_sampler ****
make all 
'Building target: video_sampler.elf'
'Invoking: MicroBlaze g++ linker'
mb-g++ -Wl,-T -Wl,../src/lscript.ld -L../../standalone_bsp_0/microblaze_I/lib -mlittle-endian -mcpu=v10.0 -mxl-soft-mul -Wl,--no-relax -Wl,--gc-sections -o "video_sampler.elf"  ./src/adsr_core.o ./src/chu_init.o ./src/ddfs_core.o ./src/gpio_cores.o ./src/i2c_core.o ./src/main.o ./src/main_video_test.o ./src/ps2_core.o ./src/spi_core.o ./src/sseg_core.o ./src/timer_core.o ./src/uart_core.o ./src/vga_core.o ./src/xadc_core.o   -Wl,--start-group,-lxil,-lgcc,-lc,-lstdc++,--end-group
./src/main_video_test.o: In function `main':
C:\Users\matta\Vivado_projects\video_sampler\video_sampler.sdk\video_sampler\Debug/../src/main_video_test.cpp:149: multiple definition of `main'
./src/main.o:C:\Users\matta\Vivado_projects\video_sampler\video_sampler.sdk\video_sampler\Debug/../src/main.cc:6: first defined here
collect2.exe: error: ld returned 1 exit status
make: *** [video_sampler.elf] Error 1
21:06:13 **** Clean-only build of configuration Debug for project video_sampler ****
make clean 
rm -rf  ./src/main.d  ./src/adsr_core.o ./src/chu_init.o ./src/ddfs_core.o ./src/gpio_cores.o ./src/i2c_core.o ./src/main.o ./src/main_video_test.o ./src/ps2_core.o ./src/spi_core.o ./src/sseg_core.o ./src/timer_core.o ./src/uart_core.o ./src/vga_core.o ./src/xadc_core.o  ./src/adsr_core.d ./src/chu_init.d ./src/ddfs_core.d ./src/gpio_cores.d ./src/i2c_core.d ./src/main_video_test.d ./src/ps2_core.d ./src/spi_core.d ./src/sseg_core.d ./src/timer_core.d ./src/uart_core.d ./src/vga_core.d ./src/xadc_core.d  video_sampler.elf.size  video_sampler.elf
' '
21:06:14 **** Auto Build of configuration Debug for project video_sampler ****
make all 
'Building file: ../src/adsr_core.cpp'
'Invoking: MicroBlaze g++ compiler'
mb-g++ -Wall -O0 -g3 -c -fmessage-length=0 -MT"src/adsr_core.o" -I../../standalone_bsp_0/microblaze_I/include -mno-xl-reorder -mlittle-endian -mcpu=v10.0 -mxl-soft-mul -Wl,--no-relax -ffunction-sections -fdata-sections -MMD -MP -MF"src/adsr_core.d" -MT"src/adsr_core.o" -o "src/adsr_core.o" "../src/adsr_core.cpp"
../src/adsr_core.cpp: In member function 'void AdsrCore::write_adsr_reg()':
../src/adsr_core.cpp:130:12: warning: comparison between signed and unsigned integer expressions [-Wsign-compare]
    if (ams == BYPASS_PATTERN) {
        ~~~~^~~~~~~~~~~~~~~~~
'Finished building: ../src/adsr_core.cpp'
' '
'Building file: ../src/chu_init.cpp'
'Invoking: MicroBlaze g++ compiler'
mb-g++ -Wall -O0 -g3 -c -fmessage-length=0 -MT"src/chu_init.o" -I../../standalone_bsp_0/microblaze_I/include -mno-xl-reorder -mlittle-endian -mcpu=v10.0 -mxl-soft-mul -Wl,--no-relax -ffunction-sections -fdata-sections -MMD -MP -MF"src/chu_init.d" -MT"src/chu_init.o" -o "src/chu_init.o" "../src/chu_init.cpp"
'Finished building: ../src/chu_init.cpp'
' '
'Building file: ../src/ddfs_core.cpp'
'Invoking: MicroBlaze g++ compiler'
mb-g++ -Wall -O0 -g3 -c -fmessage-length=0 -MT"src/ddfs_core.o" -I../../standalone_bsp_0/microblaze_I/include -mno-xl-reorder -mlittle-endian -mcpu=v10.0 -mxl-soft-mul -Wl,--no-relax -ffunction-sections -fdata-sections -MMD -MP -MF"src/ddfs_core.d" -MT"src/ddfs_core.o" -o "src/ddfs_core.o" "../src/ddfs_core.cpp"
'Finished building: ../src/ddfs_core.cpp'
' '
'Building file: ../src/gpio_cores.cpp'
'Invoking: MicroBlaze g++ compiler'
mb-g++ -Wall -O0 -g3 -c -fmessage-length=0 -MT"src/gpio_cores.o" -I../../standalone_bsp_0/microblaze_I/include -mno-xl-reorder -mlittle-endian -mcpu=v10.0 -mxl-soft-mul -Wl,--no-relax -ffunction-sections -fdata-sections -MMD -MP -MF"src/gpio_cores.d" -MT"src/gpio_cores.o" -o "src/gpio_cores.o" "../src/gpio_cores.cpp"
'Finished building: ../src/gpio_cores.cpp'
' '
'Building file: ../src/i2c_core.cpp'
'Invoking: MicroBlaze g++ compiler'
mb-g++ -Wall -O0 -g3 -c -fmessage-length=0 -MT"src/i2c_core.o" -I../../standalone_bsp_0/microblaze_I/include -mno-xl-reorder -mlittle-endian -mcpu=v10.0 -mxl-soft-mul -Wl,--no-relax -ffunction-sections -fdata-sections -MMD -MP -MF"src/i2c_core.d" -MT"src/i2c_core.o" -o "src/i2c_core.o" "../src/i2c_core.cpp"
'Finished building: ../src/i2c_core.cpp'
' '
'Building file: ../src/main_video_test.cpp'
'Invoking: MicroBlaze g++ compiler'
mb-g++ -Wall -O0 -g3 -c -fmessage-length=0 -MT"src/main_video_test.o" -I../../standalone_bsp_0/microblaze_I/include -mno-xl-reorder -mlittle-endian -mcpu=v10.0 -mxl-soft-mul -Wl,--no-relax -ffunction-sections -fdata-sections -MMD -MP -MF"src/main_video_test.d" -MT"src/main_video_test.o" -o "src/main_video_test.o" "../src/main_video_test.cpp"
'Finished building: ../src/main_video_test.cpp'
' '
'Building file: ../src/ps2_core.cpp'
'Invoking: MicroBlaze g++ compiler'
mb-g++ -Wall -O0 -g3 -c -fmessage-length=0 -MT"src/ps2_core.o" -I../../standalone_bsp_0/microblaze_I/include -mno-xl-reorder -mlittle-endian -mcpu=v10.0 -mxl-soft-mul -Wl,--no-relax -ffunction-sections -fdata-sections -MMD -MP -MF"src/ps2_core.d" -MT"src/ps2_core.o" -o "src/ps2_core.o" "../src/ps2_core.cpp"
'Finished building: ../src/ps2_core.cpp'
' '
'Building file: ../src/spi_core.cpp'
'Invoking: MicroBlaze g++ compiler'
mb-g++ -Wall -O0 -g3 -c -fmessage-length=0 -MT"src/spi_core.o" -I../../standalone_bsp_0/microblaze_I/include -mno-xl-reorder -mlittle-endian -mcpu=v10.0 -mxl-soft-mul -Wl,--no-relax -ffunction-sections -fdata-sections -MMD -MP -MF"src/spi_core.d" -MT"src/spi_core.o" -o "src/spi_core.o" "../src/spi_core.cpp"
'Finished building: ../src/spi_core.cpp'
' '
'Building file: ../src/sseg_core.cpp'
'Invoking: MicroBlaze g++ compiler'
mb-g++ -Wall -O0 -g3 -c -fmessage-length=0 -MT"src/sseg_core.o" -I../../standalone_bsp_0/microblaze_I/include -mno-xl-reorder -mlittle-endian -mcpu=v10.0 -mxl-soft-mul -Wl,--no-relax -ffunction-sections -fdata-sections -MMD -MP -MF"src/sseg_core.d" -MT"src/sseg_core.o" -o "src/sseg_core.o" "../src/sseg_core.cpp"
'Finished building: ../src/sseg_core.cpp'
' '
'Building file: ../src/timer_core.cpp'
'Invoking: MicroBlaze g++ compiler'
mb-g++ -Wall -O0 -g3 -c -fmessage-length=0 -MT"src/timer_core.o" -I../../standalone_bsp_0/microblaze_I/include -mno-xl-reorder -mlittle-endian -mcpu=v10.0 -mxl-soft-mul -Wl,--no-relax -ffunction-sections -fdata-sections -MMD -MP -MF"src/timer_core.d" -MT"src/timer_core.o" -o "src/timer_core.o" "../src/timer_core.cpp"
'Finished building: ../src/timer_core.cpp'
' '
'Building file: ../src/uart_core.cpp'
'Invoking: MicroBlaze g++ compiler'
mb-g++ -Wall -O0 -g3 -c -fmessage-length=0 -MT"src/uart_core.o" -I../../standalone_bsp_0/microblaze_I/include -mno-xl-reorder -mlittle-endian -mcpu=v10.0 -mxl-soft-mul -Wl,--no-relax -ffunction-sections -fdata-sections -MMD -MP -MF"src/uart_core.d" -MT"src/uart_core.o" -o "src/uart_core.o" "../src/uart_core.cpp"
'Finished building: ../src/uart_core.cpp'
' '
'Building file: ../src/vga_core.cpp'
'Invoking: MicroBlaze g++ compiler'
mb-g++ -Wall -O0 -g3 -c -fmessage-length=0 -MT"src/vga_core.o" -I../../standalone_bsp_0/microblaze_I/include -mno-xl-reorder -mlittle-endian -mcpu=v10.0 -mxl-soft-mul -Wl,--no-relax -ffunction-sections -fdata-sections -MMD -MP -MF"src/vga_core.d" -MT"src/vga_core.o" -o "src/vga_core.o" "../src/vga_core.cpp"
'Finished building: ../src/vga_core.cpp'
' '
'Building file: ../src/xadc_core.cpp'
'Invoking: MicroBlaze g++ compiler'
mb-g++ -Wall -O0 -g3 -c -fmessage-length=0 -MT"src/xadc_core.o" -I../../standalone_bsp_0/microblaze_I/include -mno-xl-reorder -mlittle-endian -mcpu=v10.0 -mxl-soft-mul -Wl,--no-relax -ffunction-sections -fdata-sections -MMD -MP -MF"src/xadc_core.d" -MT"src/xadc_core.o" -o "src/xadc_core.o" "../src/xadc_core.cpp"
'Finished building: ../src/xadc_core.cpp'
' '
'Building target: video_sampler.elf'
'Invoking: MicroBlaze g++ linker'
mb-g++ -Wl,-T -Wl,../src/lscript.ld -L../../standalone_bsp_0/microblaze_I/lib -mlittle-endian -mcpu=v10.0 -mxl-soft-mul -Wl,--no-relax -Wl,--gc-sections -o "video_sampler.elf"  ./src/adsr_core.o ./src/chu_init.o ./src/ddfs_core.o ./src/gpio_cores.o ./src/i2c_core.o ./src/main_video_test.o ./src/ps2_core.o ./src/spi_core.o ./src/sseg_core.o ./src/timer_core.o ./src/uart_core.o ./src/vga_core.o ./src/xadc_core.o   -Wl,--start-group,-lxil,-lgcc,-lc,-lstdc++,--end-group
'Finished building target: video_sampler.elf'
' '
'Invoking: MicroBlaze Print Size'
mb-size video_sampler.elf  |tee "video_sampler.elf.size"
   text	   data	    bss	    dec	    hex	filename
  25444	   1324	   3232	  30000	   7530	video_sampler.elf
'Finished building: video_sampler.elf.size'
' '
21:09:39 **** Auto Build of configuration Debug for project video_sampler ****
make all 
'Building file: ../src/main.cpp'
'Invoking: MicroBlaze g++ compiler'
mb-g++ -Wall -O0 -g3 -c -fmessage-length=0 -MT"src/main.o" -I../../standalone_bsp_0/microblaze_I/include -mno-xl-reorder -mlittle-endian -mcpu=v10.0 -mxl-soft-mul -Wl,--no-relax -ffunction-sections -fdata-sections -MMD -MP -MF"src/main.d" -MT"src/main.o" -o "src/main.o" "../src/main.cpp"
'Finished building: ../src/main.cpp'
' '
'Building target: video_sampler.elf'
'Invoking: MicroBlaze g++ linker'
mb-g++ -Wl,-T -Wl,../src/lscript.ld -L../../standalone_bsp_0/microblaze_I/lib -mlittle-endian -mcpu=v10.0 -mxl-soft-mul -Wl,--no-relax -Wl,--gc-sections -o "video_sampler.elf"  ./src/adsr_core.o ./src/chu_init.o ./src/ddfs_core.o ./src/gpio_cores.o ./src/i2c_core.o ./src/main.o ./src/main_video_test.o ./src/ps2_core.o ./src/spi_core.o ./src/sseg_core.o ./src/timer_core.o ./src/uart_core.o ./src/vga_core.o ./src/xadc_core.o   -Wl,--start-group,-lxil,-lgcc,-lc,-lstdc++,--end-group
'Finished building target: video_sampler.elf'
' '
'Invoking: MicroBlaze Print Size'
mb-size video_sampler.elf  |tee "video_sampler.elf.size"
   text	   data	    bss	    dec	    hex	filename
  25444	   1324	   3232	  30000	   7530	video_sampler.elf
'Finished building: video_sampler.elf.size'
' '
21:15:44 **** Auto Build of configuration Debug for project video_sampler ****
make all 
'Building file: ../src/main.cpp'
'Invoking: MicroBlaze g++ compiler'
mb-g++ -Wall -O0 -g3 -c -fmessage-length=0 -MT"src/main.o" -I../../standalone_bsp_0/microblaze_I/include -mno-xl-reorder -mlittle-endian -mcpu=v10.0 -mxl-soft-mul -Wl,--no-relax -ffunction-sections -fdata-sections -MMD -MP -MF"src/main.d" -MT"src/main.o" -o "src/main.o" "../src/main.cpp"
../src/main.cpp:42:16: error: variable or field 'ps2_check' declared void
 void ps2_check(Ps2Core *ps2_p) {
                ^~~~~~~
../src/main.cpp:42:16: error: 'Ps2Core' was not declared in this scope
../src/main.cpp:42:16: note: suggested alternative: 'OsdCore'
 void ps2_check(Ps2Core *ps2_p) {
                ^~~~~~~
                OsdCore
../src/main.cpp:42:25: error: 'ps2_p' was not declared in this scope
 void ps2_check(Ps2Core *ps2_p) {
                         ^~~~~
../src/main.cpp: In function 'int main()':
../src/main.cpp:92:14: error: 'ps2' was not declared in this scope
   ps2_check(&ps2);
              ^~~
../src/main.cpp:92:3: error: 'ps2_check' was not declared in this scope
   ps2_check(&ps2);
   ^~~~~~~~~
../src/main.cpp:92:3: note: suggested alternative: 'mouse_check'
   ps2_check(&ps2);
   ^~~~~~~~~
   mouse_check
../src/main.cpp:94:2: error: return-statement with no value, in function returning 'int' [-fpermissive]
  return;
  ^~~~~~
make: *** [src/main.o] Error 1
21:15:46 **** Auto Build of configuration Debug for project video_sampler ****
make all 
'Building file: ../src/main.cpp'
'Invoking: MicroBlaze g++ compiler'
mb-g++ -Wall -O0 -g3 -c -fmessage-length=0 -MT"src/main.o" -I../../standalone_bsp_0/microblaze_I/include -mno-xl-reorder -mlittle-endian -mcpu=v10.0 -mxl-soft-mul -Wl,--no-relax -ffunction-sections -fdata-sections -MMD -MP -MF"src/main.d" -MT"src/main.o" -o "src/main.o" "../src/main.cpp"
../src/main.cpp:42:16: error: variable or field 'ps2_check' declared void
 void ps2_check(Ps2Core *ps2_p) {
                ^~~~~~~
../src/main.cpp:42:16: error: 'Ps2Core' was not declared in this scope
../src/main.cpp:42:16: note: suggested alternative: 'OsdCore'
 void ps2_check(Ps2Core *ps2_p) {
                ^~~~~~~
                OsdCore
../src/main.cpp:42:25: error: 'ps2_p' was not declared in this scope
 void ps2_check(Ps2Core *ps2_p) {
                         ^~~~~
../src/main.cpp: In function 'int main()':
../src/main.cpp:92:13: error: 'ps2' was not declared in this scope
   ps2_check(ps2);
             ^~~
../src/main.cpp:92:3: error: 'ps2_check' was not declared in this scope
   ps2_check(ps2);
   ^~~~~~~~~
../src/main.cpp:92:3: note: suggested alternative: 'mouse_check'
   ps2_check(ps2);
   ^~~~~~~~~
   mouse_check
../src/main.cpp:94:2: error: return-statement with no value, in function returning 'int' [-fpermissive]
  return;
  ^~~~~~
make: *** [src/main.o] Error 1
21:15:50 **** Auto Build of configuration Debug for project video_sampler ****
make all 
'Building file: ../src/main.cpp'
'Invoking: MicroBlaze g++ compiler'
mb-g++ -Wall -O0 -g3 -c -fmessage-length=0 -MT"src/main.o" -I../../standalone_bsp_0/microblaze_I/include -mno-xl-reorder -mlittle-endian -mcpu=v10.0 -mxl-soft-mul -Wl,--no-relax -ffunction-sections -fdata-sections -MMD -MP -MF"src/main.d" -MT"src/main.o" -o "src/main.o" "../src/main.cpp"
../src/main.cpp:42:16: error: variable or field 'ps2_check' declared void
 void ps2_check(Ps2Core *ps2_p) {
                ^~~~~~~
../src/main.cpp:42:16: error: 'Ps2Core' was not declared in this scope
../src/main.cpp:42:16: note: suggested alternative: 'OsdCore'
 void ps2_check(Ps2Core *ps2_p) {
                ^~~~~~~
                OsdCore
../src/main.cpp:42:25: error: 'ps2_p' was not declared in this scope
 void ps2_check(Ps2Core *ps2_p) {
                         ^~~~~
../src/main.cpp: In function 'int main()':
../src/main.cpp:92:13: error: 'ps2' was not declared in this scope
   ps2_check(ps2);
             ^~~
../src/main.cpp:92:3: error: 'ps2_check' was not declared in this scope
   ps2_check(ps2);
   ^~~~~~~~~
../src/main.cpp:92:3: note: suggested alternative: 'mouse_check'
   ps2_check(ps2);
   ^~~~~~~~~
   mouse_check
make: *** [src/main.o] Error 1
21:16:48 **** Auto Build of configuration Debug for project video_sampler ****
make all 
'Building file: ../src/main.cpp'
'Invoking: MicroBlaze g++ compiler'
mb-g++ -Wall -O0 -g3 -c -fmessage-length=0 -MT"src/main.o" -I../../standalone_bsp_0/microblaze_I/include -mno-xl-reorder -mlittle-endian -mcpu=v10.0 -mxl-soft-mul -Wl,--no-relax -ffunction-sections -fdata-sections -MMD -MP -MF"src/main.d" -MT"src/main.o" -o "src/main.o" "../src/main.cpp"
../src/main.cpp:42:16: error: variable or field 'ps2_check' declared void
 void ps2_check(Ps2Core *ps2_p) {
                ^~~~~~~
../src/main.cpp:42:16: error: 'Ps2Core' was not declared in this scope
../src/main.cpp:42:16: note: suggested alternative: 'OsdCore'
 void ps2_check(Ps2Core *ps2_p) {
                ^~~~~~~
                OsdCore
../src/main.cpp:42:25: error: 'ps2_p' was not declared in this scope
 void ps2_check(Ps2Core *ps2_p) {
                         ^~~~~
../src/main.cpp:89:1: error: 'Ps2Core' does not name a type; did you mean 'OsdCore'?
 Ps2Core ps2(get_slot_addr(BRIDGE_BASE, S11_PS2));
 ^~~~~~~
 OsdCore
../src/main.cpp: In function 'int main()':
../src/main.cpp:93:13: error: 'ps2' was not declared in this scope
   ps2_check(ps2);
             ^~~
../src/main.cpp:93:3: error: 'ps2_check' was not declared in this scope
   ps2_check(ps2);
   ^~~~~~~~~
../src/main.cpp:93:3: note: suggested alternative: 'mouse_check'
   ps2_check(ps2);
   ^~~~~~~~~
   mouse_check
make: *** [src/main.o] Error 1
21:16:51 **** Auto Build of configuration Debug for project video_sampler ****
make all 
'Building file: ../src/main.cpp'
'Invoking: MicroBlaze g++ compiler'
mb-g++ -Wall -O0 -g3 -c -fmessage-length=0 -MT"src/main.o" -I../../standalone_bsp_0/microblaze_I/include -mno-xl-reorder -mlittle-endian -mcpu=v10.0 -mxl-soft-mul -Wl,--no-relax -ffunction-sections -fdata-sections -MMD -MP -MF"src/main.d" -MT"src/main.o" -o "src/main.o" "../src/main.cpp"
../src/main.cpp:42:16: error: variable or field 'ps2_check' declared void
 void ps2_check(Ps2Core *ps2_p) {
                ^~~~~~~
../src/main.cpp:42:16: error: 'Ps2Core' was not declared in this scope
../src/main.cpp:42:16: note: suggested alternative: 'OsdCore'
 void ps2_check(Ps2Core *ps2_p) {
                ^~~~~~~
                OsdCore
../src/main.cpp:42:25: error: 'ps2_p' was not declared in this scope
 void ps2_check(Ps2Core *ps2_p) {
                         ^~~~~
../src/main.cpp:89:1: error: 'Ps2Core' does not name a type; did you mean 'OsdCore'?
 Ps2Core ps2(get_slot_addr(BRIDGE_BASE, S11_PS2));
 ^~~~~~~
 OsdCore
../src/main.cpp: In function 'int main()':
../src/main.cpp:93:14: error: 'ps2' was not declared in this scope
   ps2_check(&ps2);
              ^~~
../src/main.cpp:93:3: error: 'ps2_check' was not declared in this scope
   ps2_check(&ps2);
   ^~~~~~~~~
../src/main.cpp:93:3: note: suggested alternative: 'mouse_check'
   ps2_check(&ps2);
   ^~~~~~~~~
   mouse_check
make: *** [src/main.o] Error 1
21:18:29 **** Auto Build of configuration Debug for project video_sampler ****
make all 
'Building file: ../src/main.cpp'
'Invoking: MicroBlaze g++ compiler'
mb-g++ -Wall -O0 -g3 -c -fmessage-length=0 -MT"src/main.o" -I../../standalone_bsp_0/microblaze_I/include -mno-xl-reorder -mlittle-endian -mcpu=v10.0 -mxl-soft-mul -Wl,--no-relax -ffunction-sections -fdata-sections -MMD -MP -MF"src/main.d" -MT"src/main.o" -o "src/main.o" "../src/main.cpp"
../src/main.cpp:22:1: error: 'Ps2Core' does not name a type; did you mean 'OsdCore'?
 Ps2Core ps2(get_slot_addr(BRIDGE_BASE, S11_PS2));
 ^~~~~~~
 OsdCore
../src/main.cpp:54:16: error: variable or field 'ps2_check' declared void
 void ps2_check(Ps2Core *ps2_p) {
                ^~~~~~~
../src/main.cpp:54:16: error: 'Ps2Core' was not declared in this scope
../src/main.cpp:54:16: note: suggested alternative: 'OsdCore'
 void ps2_check(Ps2Core *ps2_p) {
                ^~~~~~~
                OsdCore
../src/main.cpp:54:25: error: 'ps2_p' was not declared in this scope
 void ps2_check(Ps2Core *ps2_p) {
                         ^~~~~
../src/main.cpp: In function 'int main()':
../src/main.cpp:95:14: error: 'ps2' was not declared in this scope
   ps2_check(&ps2);
              ^~~
../src/main.cpp:95:3: error: 'ps2_check' was not declared in this scope
   ps2_check(&ps2);
   ^~~~~~~~~
../src/main.cpp:95:3: note: suggested alternative: 'mouse_check'
   ps2_check(&ps2);
   ^~~~~~~~~
   mouse_check
make: *** [src/main.o] Error 1
21:18:37 **** Auto Build of configuration Debug for project video_sampler ****
make all 
'Building file: ../src/main.cpp'
'Invoking: MicroBlaze g++ compiler'
mb-g++ -Wall -O0 -g3 -c -fmessage-length=0 -MT"src/main.o" -I../../standalone_bsp_0/microblaze_I/include -mno-xl-reorder -mlittle-endian -mcpu=v10.0 -mxl-soft-mul -Wl,--no-relax -ffunction-sections -fdata-sections -MMD -MP -MF"src/main.d" -MT"src/main.o" -o "src/main.o" "../src/main.cpp"
../src/main.cpp:16:1: error: 'Ps2Core' does not name a type; did you mean 'OsdCore'?
 Ps2Core ps2(get_slot_addr(BRIDGE_BASE, S11_PS2));
 ^~~~~~~
 OsdCore
../src/main.cpp:55:16: error: variable or field 'ps2_check' declared void
 void ps2_check(Ps2Core *ps2_p) {
                ^~~~~~~
../src/main.cpp:55:16: error: 'Ps2Core' was not declared in this scope
../src/main.cpp:55:16: note: suggested alternative: 'OsdCore'
 void ps2_check(Ps2Core *ps2_p) {
                ^~~~~~~
                OsdCore
../src/main.cpp:55:25: error: 'ps2_p' was not declared in this scope
 void ps2_check(Ps2Core *ps2_p) {
                         ^~~~~
../src/main.cpp: In function 'int main()':
../src/main.cpp:96:14: error: 'ps2' was not declared in this scope
   ps2_check(&ps2);
              ^~~
../src/main.cpp:96:3: error: 'ps2_check' was not declared in this scope
   ps2_check(&ps2);
   ^~~~~~~~~
../src/main.cpp:96:3: note: suggested alternative: 'mouse_check'
   ps2_check(&ps2);
   ^~~~~~~~~
   mouse_check
make: *** [src/main.o] Error 1
21:19:22 **** Auto Build of configuration Debug for project video_sampler ****
make all 
'Building file: ../src/main.cpp'
'Invoking: MicroBlaze g++ compiler'
mb-g++ -Wall -O0 -g3 -c -fmessage-length=0 -MT"src/main.o" -I../../standalone_bsp_0/microblaze_I/include -mno-xl-reorder -mlittle-endian -mcpu=v10.0 -mxl-soft-mul -Wl,--no-relax -ffunction-sections -fdata-sections -MMD -MP -MF"src/main.d" -MT"src/main.o" -o "src/main.o" "../src/main.cpp"
'Finished building: ../src/main.cpp'
' '
'Building target: video_sampler.elf'
'Invoking: MicroBlaze g++ linker'
mb-g++ -Wl,-T -Wl,../src/lscript.ld -L../../standalone_bsp_0/microblaze_I/lib -mlittle-endian -mcpu=v10.0 -mxl-soft-mul -Wl,--no-relax -Wl,--gc-sections -o "video_sampler.elf"  ./src/adsr_core.o ./src/chu_init.o ./src/ddfs_core.o ./src/gpio_cores.o ./src/i2c_core.o ./src/main.o ./src/main_video_test.o ./src/ps2_core.o ./src/spi_core.o ./src/sseg_core.o ./src/timer_core.o ./src/uart_core.o ./src/vga_core.o ./src/xadc_core.o   -Wl,--start-group,-lxil,-lgcc,-lc,-lstdc++,--end-group
./src/main_video_test.o: In function `mouse_check(SpriteCore*)':
C:\Users\matta\Vivado_projects\video_sampler\video_sampler.sdk\video_sampler\Debug/../src/main_video_test.cpp:86: multiple definition of `mouse_check(SpriteCore*)'
./src/main.o:C:\Users\matta\Vivado_projects\video_sampler\video_sampler.sdk\video_sampler\Debug/../src/main.cpp:27: first defined here
./src/main_video_test.o:C:\Users\matta\Vivado_projects\video_sampler\video_sampler.sdk\video_sampler\Debug/../src/main_video_test.cpp:140: multiple definition of `led'
./src/main.o:C:\Users\matta\Vivado_projects\video_sampler\video_sampler.sdk\video_sampler\Debug/../src/main.cpp:15: first defined here
./src/main_video_test.o:C:\Users\matta\Vivado_projects\video_sampler\video_sampler.sdk\video_sampler\Debug/../src/main_video_test.cpp:141: multiple definition of `sw'
./src/main.o:C:\Users\matta\Vivado_projects\video_sampler\video_sampler.sdk\video_sampler\Debug/../src/main.cpp:16: first defined here
./src/main_video_test.o:C:\Users\matta\Vivado_projects\video_sampler\video_sampler.sdk\video_sampler\Debug/../src/main_video_test.cpp:142: multiple definition of `frame'
./src/main.o:C:\Users\matta\Vivado_projects\video_sampler\video_sampler.sdk\video_sampler\Debug/../src/main.cpp:18: first defined here
./src/main_video_test.o:C:\Users\matta\Vivado_projects\video_sampler\video_sampler.sdk\video_sampler\Debug/../src/main_video_test.cpp:143: multiple definition of `bar'
./src/main.o:C:\Users\matta\Vivado_projects\video_sampler\video_sampler.sdk\video_sampler\Debug/../src/main.cpp:19: first defined here
./src/main_video_test.o:C:\Users\matta\Vivado_projects\video_sampler\video_sampler.sdk\video_sampler\Debug/../src/main_video_test.cpp:144: multiple definition of `gray'
./src/main.o:C:\Users\matta\Vivado_projects\video_sampler\video_sampler.sdk\video_sampler\Debug/../src/main.cpp:20: first defined here
./src/main_video_test.o:C:\Users\matta\Vivado_projects\video_sampler\video_sampler.sdk\video_sampler\Debug/../src/main_video_test.cpp:145: multiple definition of `ghost'
./src/main.o:C:\Users\matta\Vivado_projects\video_sampler\video_sampler.sdk\video_sampler\Debug/../src/main.cpp:21: first defined here
./src/main_video_test.o:C:\Users\matta\Vivado_projects\video_sampler\video_sampler.sdk\video_sampler\Debug/../src/main_video_test.cpp:146: multiple definition of `mouse'
./src/main.o:C:\Users\matta\Vivado_projects\video_sampler\video_sampler.sdk\video_sampler\Debug/../src/main.cpp:22: first defined here
./src/main_video_test.o:C:\Users\matta\Vivado_projects\video_sampler\video_sampler.sdk\video_sampler\Debug/../src/main_video_test.cpp:147: multiple definition of `osd'
./src/main.o:C:\Users\matta\Vivado_projects\video_sampler\video_sampler.sdk\video_sampler\Debug/../src/main.cpp:23: first defined here
./src/main_video_test.o: In function `main':
C:\Users\matta\Vivado_projects\video_sampler\video_sampler.sdk\video_sampler\Debug/../src/main_video_test.cpp:149: multiple definition of `main'
./src/main.o:C:\Users\matta\Vivado_projects\video_sampler\video_sampler.sdk\video_sampler\Debug/../src/main.cpp:95: first defined here
collect2.exe: error: ld returned 1 exit status
make: *** [video_sampler.elf] Error 1
21:19:49 **** Auto Build of configuration Debug for project video_sampler ****
make all 
'Building file: ../src/main.cpp'
'Invoking: MicroBlaze g++ compiler'
mb-g++ -Wall -O0 -g3 -c -fmessage-length=0 -MT"src/main.o" -I../../standalone_bsp_0/microblaze_I/include -mno-xl-reorder -mlittle-endian -mcpu=v10.0 -mxl-soft-mul -Wl,--no-relax -ffunction-sections -fdata-sections -MMD -MP -MF"src/main.d" -MT"src/main.o" -o "src/main.o" "../src/main.cpp"
'Finished building: ../src/main.cpp'
' '
'Building target: video_sampler.elf'
'Invoking: MicroBlaze g++ linker'
mb-g++ -Wl,-T -Wl,../src/lscript.ld -L../../standalone_bsp_0/microblaze_I/lib -mlittle-endian -mcpu=v10.0 -mxl-soft-mul -Wl,--no-relax -Wl,--gc-sections -o "video_sampler.elf"  ./src/adsr_core.o ./src/chu_init.o ./src/ddfs_core.o ./src/gpio_cores.o ./src/i2c_core.o ./src/main.o ./src/main_video_test.o ./src/ps2_core.o ./src/spi_core.o ./src/sseg_core.o ./src/timer_core.o ./src/uart_core.o ./src/vga_core.o ./src/xadc_core.o   -Wl,--start-group,-lxil,-lgcc,-lc,-lstdc++,--end-group
./src/main_video_test.o: In function `mouse_check(SpriteCore*)':
C:\Users\matta\Vivado_projects\video_sampler\video_sampler.sdk\video_sampler\Debug/../src/main_video_test.cpp:86: multiple definition of `mouse_check(SpriteCore*)'
./src/main.o:C:\Users\matta\Vivado_projects\video_sampler\video_sampler.sdk\video_sampler\Debug/../src/main.cpp:15: first defined here
./src/main_video_test.o:C:\Users\matta\Vivado_projects\video_sampler\video_sampler.sdk\video_sampler\Debug/../src/main_video_test.cpp:140: multiple definition of `led'
./src/main.o:C:\Users\matta\Vivado_projects\video_sampler\video_sampler.sdk\video_sampler\Debug/../src/main.cpp:83: first defined here
./src/main_video_test.o:C:\Users\matta\Vivado_projects\video_sampler\video_sampler.sdk\video_sampler\Debug/../src/main_video_test.cpp:141: multiple definition of `sw'
./src/main.o:C:\Users\matta\Vivado_projects\video_sampler\video_sampler.sdk\video_sampler\Debug/../src/main.cpp:84: first defined here
./src/main_video_test.o:C:\Users\matta\Vivado_projects\video_sampler\video_sampler.sdk\video_sampler\Debug/../src/main_video_test.cpp:142: multiple definition of `frame'
./src/main.o:C:\Users\matta\Vivado_projects\video_sampler\video_sampler.sdk\video_sampler\Debug/../src/main.cpp:86: first defined here
./src/main_video_test.o:C:\Users\matta\Vivado_projects\video_sampler\video_sampler.sdk\video_sampler\Debug/../src/main_video_test.cpp:143: multiple definition of `bar'
./src/main.o:C:\Users\matta\Vivado_projects\video_sampler\video_sampler.sdk\video_sampler\Debug/../src/main.cpp:87: first defined here
./src/main_video_test.o:C:\Users\matta\Vivado_projects\video_sampler\video_sampler.sdk\video_sampler\Debug/../src/main_video_test.cpp:144: multiple definition of `gray'
./src/main.o:C:\Users\matta\Vivado_projects\video_sampler\video_sampler.sdk\video_sampler\Debug/../src/main.cpp:88: first defined here
./src/main_video_test.o:C:\Users\matta\Vivado_projects\video_sampler\video_sampler.sdk\video_sampler\Debug/../src/main_video_test.cpp:145: multiple definition of `ghost'
./src/main.o:C:\Users\matta\Vivado_projects\video_sampler\video_sampler.sdk\video_sampler\Debug/../src/main.cpp:89: first defined here
./src/main_video_test.o:C:\Users\matta\Vivado_projects\video_sampler\video_sampler.sdk\video_sampler\Debug/../src/main_video_test.cpp:146: multiple definition of `mouse'
./src/main.o:C:\Users\matta\Vivado_projects\video_sampler\video_sampler.sdk\video_sampler\Debug/../src/main.cpp:90: first defined here
./src/main_video_test.o:C:\Users\matta\Vivado_projects\video_sampler\video_sampler.sdk\video_sampler\Debug/../src/main_video_test.cpp:147: multiple definition of `osd'
./src/main.o:C:\Users\matta\Vivado_projects\video_sampler\video_sampler.sdk\video_sampler\Debug/../src/main.cpp:91: first defined here
./src/main_video_test.o: In function `main':
C:\Users\matta\Vivado_projects\video_sampler\video_sampler.sdk\video_sampler\Debug/../src/main_video_test.cpp:149: multiple definition of `main'
./src/main.o:C:\Users\matta\Vivado_projects\video_sampler\video_sampler.sdk\video_sampler\Debug/../src/main.cpp:93: first defined here
collect2.exe: error: ld returned 1 exit status
make: *** [video_sampler.elf] Error 1
21:20:00 **** Auto Build of configuration Debug for project video_sampler ****
make all 
'Building file: ../src/main_video_test.cpp'
'Invoking: MicroBlaze g++ compiler'
mb-g++ -Wall -O0 -g3 -c -fmessage-length=0 -MT"src/main_video_test.o" -I../../standalone_bsp_0/microblaze_I/include -mno-xl-reorder -mlittle-endian -mcpu=v10.0 -mxl-soft-mul -Wl,--no-relax -ffunction-sections -fdata-sections -MMD -MP -MF"src/main_video_test.d" -MT"src/main_video_test.o" -o "src/main_video_test.o" "../src/main_video_test.cpp"
'Finished building: ../src/main_video_test.cpp'
' '
'Building target: video_sampler.elf'
'Invoking: MicroBlaze g++ linker'
mb-g++ -Wl,-T -Wl,../src/lscript.ld -L../../standalone_bsp_0/microblaze_I/lib -mlittle-endian -mcpu=v10.0 -mxl-soft-mul -Wl,--no-relax -Wl,--gc-sections -o "video_sampler.elf"  ./src/adsr_core.o ./src/chu_init.o ./src/ddfs_core.o ./src/gpio_cores.o ./src/i2c_core.o ./src/main.o ./src/main_video_test.o ./src/ps2_core.o ./src/spi_core.o ./src/sseg_core.o ./src/timer_core.o ./src/uart_core.o ./src/vga_core.o ./src/xadc_core.o   -Wl,--start-group,-lxil,-lgcc,-lc,-lstdc++,--end-group
'Finished building target: video_sampler.elf'
' '
'Invoking: MicroBlaze Print Size'
mb-size video_sampler.elf  |tee "video_sampler.elf.size"
   text	   data	    bss	    dec	    hex	filename
  15436	    284	   3184	  18904	   49d8	video_sampler.elf
'Finished building: video_sampler.elf.size'
' '
21:33:16 **** Auto Build of configuration Debug for project video_sampler ****
make all 
'Building file: ../src/main.cpp'
'Invoking: MicroBlaze g++ compiler'
mb-g++ -Wall -O0 -g3 -c -fmessage-length=0 -MT"src/main.o" -I../../standalone_bsp_0/microblaze_I/include -mno-xl-reorder -mlittle-endian -mcpu=v10.0 -mxl-soft-mul -Wl,--no-relax -ffunction-sections -fdata-sections -MMD -MP -MF"src/main.d" -MT"src/main.o" -o "src/main.o" "../src/main.cpp"
'Finished building: ../src/main.cpp'
' '
'Building target: video_sampler.elf'
'Invoking: MicroBlaze g++ linker'
mb-g++ -Wl,-T -Wl,../src/lscript.ld -L../../standalone_bsp_0/microblaze_I/lib -mlittle-endian -mcpu=v10.0 -mxl-soft-mul -Wl,--no-relax -Wl,--gc-sections -o "video_sampler.elf"  ./src/adsr_core.o ./src/chu_init.o ./src/ddfs_core.o ./src/gpio_cores.o ./src/i2c_core.o ./src/main.o ./src/main_video_test.o ./src/ps2_core.o ./src/spi_core.o ./src/sseg_core.o ./src/timer_core.o ./src/uart_core.o ./src/vga_core.o ./src/xadc_core.o   -Wl,--start-group,-lxil,-lgcc,-lc,-lstdc++,--end-group
'Finished building target: video_sampler.elf'
' '
'Invoking: MicroBlaze Print Size'
mb-size video_sampler.elf  |tee "video_sampler.elf.size"
   text	   data	    bss	    dec	    hex	filename
  14252	    284	   3176	  17712	   4530	video_sampler.elf
'Finished building: video_sampler.elf.size'
' '
21:34:02 **** Auto Build of configuration Debug for project video_sampler ****
make all 
'Building file: ../src/main.cpp'
'Invoking: MicroBlaze g++ compiler'
mb-g++ -Wall -O0 -g3 -c -fmessage-length=0 -MT"src/main.o" -I../../standalone_bsp_0/microblaze_I/include -mno-xl-reorder -mlittle-endian -mcpu=v10.0 -mxl-soft-mul -Wl,--no-relax -ffunction-sections -fdata-sections -MMD -MP -MF"src/main.d" -MT"src/main.o" -o "src/main.o" "../src/main.cpp"
../src/main.cpp: In function 'int main()':
../src/main.cpp:120:25: error: too many arguments to function 'void ps2_check(Ps2Core*)'
   ps2_check(&ps2, &mouse);
                         ^
../src/main.cpp:44:6: note: declared here
 void ps2_check(Ps2Core *ps2_p) {
      ^~~~~~~~~
make: *** [src/main.o] Error 1
21:34:19 **** Auto Build of configuration Debug for project video_sampler ****
make all 
'Building file: ../src/main.cpp'
'Invoking: MicroBlaze g++ compiler'
mb-g++ -Wall -O0 -g3 -c -fmessage-length=0 -MT"src/main.o" -I../../standalone_bsp_0/microblaze_I/include -mno-xl-reorder -mlittle-endian -mcpu=v10.0 -mxl-soft-mul -Wl,--no-relax -ffunction-sections -fdata-sections -MMD -MP -MF"src/main.d" -MT"src/main.o" -o "src/main.o" "../src/main.cpp"
'Finished building: ../src/main.cpp'
' '
'Building target: video_sampler.elf'
'Invoking: MicroBlaze g++ linker'
mb-g++ -Wl,-T -Wl,../src/lscript.ld -L../../standalone_bsp_0/microblaze_I/lib -mlittle-endian -mcpu=v10.0 -mxl-soft-mul -Wl,--no-relax -Wl,--gc-sections -o "video_sampler.elf"  ./src/adsr_core.o ./src/chu_init.o ./src/ddfs_core.o ./src/gpio_cores.o ./src/i2c_core.o ./src/main.o ./src/main_video_test.o ./src/ps2_core.o ./src/spi_core.o ./src/sseg_core.o ./src/timer_core.o ./src/uart_core.o ./src/vga_core.o ./src/xadc_core.o   -Wl,--start-group,-lxil,-lgcc,-lc,-lstdc++,--end-group
'Finished building target: video_sampler.elf'
' '
'Invoking: MicroBlaze Print Size'
mb-size video_sampler.elf  |tee "video_sampler.elf.size"
   text	   data	    bss	    dec	    hex	filename
  14308	    284	   3176	  17768	   4568	video_sampler.elf
'Finished building: video_sampler.elf.size'
' '
21:37:40 **** Auto Build of configuration Debug for project video_sampler ****
make all 
'Building file: ../src/main.cpp'
'Invoking: MicroBlaze g++ compiler'
mb-g++ -Wall -O0 -g3 -c -fmessage-length=0 -MT"src/main.o" -I../../standalone_bsp_0/microblaze_I/include -mno-xl-reorder -mlittle-endian -mcpu=v10.0 -mxl-soft-mul -Wl,--no-relax -ffunction-sections -fdata-sections -MMD -MP -MF"src/main.d" -MT"src/main.o" -o "src/main.o" "../src/main.cpp"
../src/main.cpp: In function 'void mouse_pointer(Ps2Core*, SpriteCore*)':
../src/main.cpp:79:18: warning: variable 'last' set but not used [-Wunused-but-set-variable]
    unsigned long last;
                  ^~~~
'Finished building: ../src/main.cpp'
' '
'Building target: video_sampler.elf'
'Invoking: MicroBlaze g++ linker'
mb-g++ -Wl,-T -Wl,../src/lscript.ld -L../../standalone_bsp_0/microblaze_I/lib -mlittle-endian -mcpu=v10.0 -mxl-soft-mul -Wl,--no-relax -Wl,--gc-sections -o "video_sampler.elf"  ./src/adsr_core.o ./src/chu_init.o ./src/ddfs_core.o ./src/gpio_cores.o ./src/i2c_core.o ./src/main.o ./src/main_video_test.o ./src/ps2_core.o ./src/spi_core.o ./src/sseg_core.o ./src/timer_core.o ./src/uart_core.o ./src/vga_core.o ./src/xadc_core.o   -Wl,--start-group,-lxil,-lgcc,-lc,-lstdc++,--end-group
'Finished building target: video_sampler.elf'
' '
'Invoking: MicroBlaze Print Size'
mb-size video_sampler.elf  |tee "video_sampler.elf.size"
   text	   data	    bss	    dec	    hex	filename
  14228	    284	   3176	  17688	   4518	video_sampler.elf
'Finished building: video_sampler.elf.size'
' '
21:43:16 **** Auto Build of configuration Debug for project video_sampler ****
make all 
'Building file: ../src/main.cpp'
'Invoking: MicroBlaze g++ compiler'
mb-g++ -Wall -O0 -g3 -c -fmessage-length=0 -MT"src/main.o" -I../../standalone_bsp_0/microblaze_I/include -mno-xl-reorder -mlittle-endian -mcpu=v10.0 -mxl-soft-mul -Wl,--no-relax -ffunction-sections -fdata-sections -MMD -MP -MF"src/main.d" -MT"src/main.o" -o "src/main.o" "../src/main.cpp"
../src/main.cpp: In function 'void mouse_pointer(Ps2Core*, SpriteCore*)':
../src/main.cpp:83:18: warning: variable 'last' set but not used [-Wunused-but-set-variable]
    unsigned long last;
                  ^~~~
'Finished building: ../src/main.cpp'
' '
'Building target: video_sampler.elf'
'Invoking: MicroBlaze g++ linker'
mb-g++ -Wl,-T -Wl,../src/lscript.ld -L../../standalone_bsp_0/microblaze_I/lib -mlittle-endian -mcpu=v10.0 -mxl-soft-mul -Wl,--no-relax -Wl,--gc-sections -o "video_sampler.elf"  ./src/adsr_core.o ./src/chu_init.o ./src/ddfs_core.o ./src/gpio_cores.o ./src/i2c_core.o ./src/main.o ./src/main_video_test.o ./src/ps2_core.o ./src/spi_core.o ./src/sseg_core.o ./src/timer_core.o ./src/uart_core.o ./src/vga_core.o ./src/xadc_core.o   -Wl,--start-group,-lxil,-lgcc,-lc,-lstdc++,--end-group
'Finished building target: video_sampler.elf'
' '
'Invoking: MicroBlaze Print Size'
mb-size video_sampler.elf  |tee "video_sampler.elf.size"
   text	   data	    bss	    dec	    hex	filename
  14276	    284	   3176	  17736	   4548	video_sampler.elf
'Finished building: video_sampler.elf.size'
' '
21:44:49 **** Auto Build of configuration Debug for project video_sampler ****
make all 
'Building file: ../src/main.cpp'
'Invoking: MicroBlaze g++ compiler'
mb-g++ -Wall -O0 -g3 -c -fmessage-length=0 -MT"src/main.o" -I../../standalone_bsp_0/microblaze_I/include -mno-xl-reorder -mlittle-endian -mcpu=v10.0 -mxl-soft-mul -Wl,--no-relax -ffunction-sections -fdata-sections -MMD -MP -MF"src/main.d" -MT"src/main.o" -o "src/main.o" "../src/main.cpp"
../src/main.cpp: In function 'void mouse_pointer(Ps2Core*, SpriteCore*)':
../src/main.cpp:83:18: warning: variable 'last' set but not used [-Wunused-but-set-variable]
    unsigned long last;
                  ^~~~
'Finished building: ../src/main.cpp'
' '
'Building target: video_sampler.elf'
'Invoking: MicroBlaze g++ linker'
mb-g++ -Wl,-T -Wl,../src/lscript.ld -L../../standalone_bsp_0/microblaze_I/lib -mlittle-endian -mcpu=v10.0 -mxl-soft-mul -Wl,--no-relax -Wl,--gc-sections -o "video_sampler.elf"  ./src/adsr_core.o ./src/chu_init.o ./src/ddfs_core.o ./src/gpio_cores.o ./src/i2c_core.o ./src/main.o ./src/main_video_test.o ./src/ps2_core.o ./src/spi_core.o ./src/sseg_core.o ./src/timer_core.o ./src/uart_core.o ./src/vga_core.o ./src/xadc_core.o   -Wl,--start-group,-lxil,-lgcc,-lc,-lstdc++,--end-group
'Finished building target: video_sampler.elf'
' '
'Invoking: MicroBlaze Print Size'
mb-size video_sampler.elf  |tee "video_sampler.elf.size"
   text	   data	    bss	    dec	    hex	filename
  14348	    284	   3176	  17808	   4590	video_sampler.elf
'Finished building: video_sampler.elf.size'
' '
21:46:19 **** Auto Build of configuration Debug for project video_sampler ****
make all 
'Building file: ../src/main.cpp'
'Invoking: MicroBlaze g++ compiler'
mb-g++ -Wall -O0 -g3 -c -fmessage-length=0 -MT"src/main.o" -I../../standalone_bsp_0/microblaze_I/include -mno-xl-reorder -mlittle-endian -mcpu=v10.0 -mxl-soft-mul -Wl,--no-relax -ffunction-sections -fdata-sections -MMD -MP -MF"src/main.d" -MT"src/main.o" -o "src/main.o" "../src/main.cpp"
../src/main.cpp: In function 'void mouse_pointer(Ps2Core*, SpriteCore*)':
../src/main.cpp:83:18: warning: variable 'last' set but not used [-Wunused-but-set-variable]
    unsigned long last;
                  ^~~~
'Finished building: ../src/main.cpp'
' '
'Building target: video_sampler.elf'
'Invoking: MicroBlaze g++ linker'
[...]
' '
15:35:13 **** Auto Build of configuration Debug for project video_sampler ****
make all 
'Building file: ../src/main.cpp'
'Invoking: MicroBlaze g++ compiler'
mb-g++ -Wall -O0 -g3 -c -fmessage-length=0 -MT"src/main.o" -I../../standalone_bsp_0/microblaze_I/include -mno-xl-reorder -mlittle-endian -mcpu=v10.0 -mxl-soft-mul -Wl,--no-relax -ffunction-sections -fdata-sections -MMD -MP -MF"src/main.d" -MT"src/main.o" -o "src/main.o" "../src/main.cpp"
'Finished building: ../src/main.cpp'
' '
'Building target: video_sampler.elf'
'Invoking: MicroBlaze g++ linker'
mb-g++ -Wl,-T -Wl,../src/lscript.ld -L../../standalone_bsp_0/microblaze_I/lib -mlittle-endian -mcpu=v10.0 -mxl-soft-mul -Wl,--no-relax -Wl,--gc-sections -o "video_sampler.elf"  ./src/adsr_core.o ./src/chu_init.o ./src/ddfs_core.o ./src/gpio_cores.o ./src/i2c_core.o ./src/main.o ./src/main_video_test.o ./src/ps2_core.o ./src/spi_core.o ./src/sseg_core.o ./src/timer_core.o ./src/uart_core.o ./src/vga_core.o ./src/xadc_core.o   -Wl,--start-group,-lxil,-lgcc,-lc,-lstdc++,--end-group
'Finished building target: video_sampler.elf'
' '
'Invoking: MicroBlaze Print Size'
mb-size video_sampler.elf  |tee "video_sampler.elf.size"
   text	   data	    bss	    dec	    hex	filename
  36648	   1316	   3236	  41200	   a0f0	video_sampler.elf
'Finished building: video_sampler.elf.size'
' '
15:36:32 **** Auto Build of configuration Debug for project video_sampler ****
make all 
'Building file: ../src/main.cpp'
'Invoking: MicroBlaze g++ compiler'
mb-g++ -Wall -O0 -g3 -c -fmessage-length=0 -MT"src/main.o" -I../../standalone_bsp_0/microblaze_I/include -mno-xl-reorder -mlittle-endian -mcpu=v10.0 -mxl-soft-mul -Wl,--no-relax -ffunction-sections -fdata-sections -MMD -MP -MF"src/main.d" -MT"src/main.o" -o "src/main.o" "../src/main.cpp"
../src/main.cpp: In function 'void gameOver(Ps2Core*, OsdCore*)':
../src/main.cpp:154:2: error: 'getGrayBackground' was not declared in this scope
  getGrayBackground();
  ^~~~~~~~~~~~~~~~~
../src/main.cpp:154:2: note: suggested alternative: 'getBlueBackground'
  getGrayBackground();
  ^~~~~~~~~~~~~~~~~
  getBlueBackground
make: *** [src/main.o] Error 1
15:36:58 **** Auto Build of configuration Debug for project video_sampler ****
make all 
'Building file: ../src/main.cpp'
'Invoking: MicroBlaze g++ compiler'
mb-g++ -Wall -O0 -g3 -c -fmessage-length=0 -MT"src/main.o" -I../../standalone_bsp_0/microblaze_I/include -mno-xl-reorder -mlittle-endian -mcpu=v10.0 -mxl-soft-mul -Wl,--no-relax -ffunction-sections -fdata-sections -MMD -MP -MF"src/main.d" -MT"src/main.o" -o "src/main.o" "../src/main.cpp"
'Finished building: ../src/main.cpp'
' '
'Building target: video_sampler.elf'
'Invoking: MicroBlaze g++ linker'
mb-g++ -Wl,-T -Wl,../src/lscript.ld -L../../standalone_bsp_0/microblaze_I/lib -mlittle-endian -mcpu=v10.0 -mxl-soft-mul -Wl,--no-relax -Wl,--gc-sections -o "video_sampler.elf"  ./src/adsr_core.o ./src/chu_init.o ./src/ddfs_core.o ./src/gpio_cores.o ./src/i2c_core.o ./src/main.o ./src/main_video_test.o ./src/ps2_core.o ./src/spi_core.o ./src/sseg_core.o ./src/timer_core.o ./src/uart_core.o ./src/vga_core.o ./src/xadc_core.o   -Wl,--start-group,-lxil,-lgcc,-lc,-lstdc++,--end-group
'Finished building target: video_sampler.elf'
' '
'Invoking: MicroBlaze Print Size'
mb-size video_sampler.elf  |tee "video_sampler.elf.size"
   text	   data	    bss	    dec	    hex	filename
  36660	   1316	   3240	  41216	   a100	video_sampler.elf
'Finished building: video_sampler.elf.size'
' '
15:38:19 **** Auto Build of configuration Debug for project video_sampler ****
make all 
'Building file: ../src/main.cpp'
'Invoking: MicroBlaze g++ compiler'
mb-g++ -Wall -O0 -g3 -c -fmessage-length=0 -MT"src/main.o" -I../../standalone_bsp_0/microblaze_I/include -mno-xl-reorder -mlittle-endian -mcpu=v10.0 -mxl-soft-mul -Wl,--no-relax -ffunction-sections -fdata-sections -MMD -MP -MF"src/main.d" -MT"src/main.o" -o "src/main.o" "../src/main.cpp"
'Finished building: ../src/main.cpp'
' '
'Building target: video_sampler.elf'
'Invoking: MicroBlaze g++ linker'
mb-g++ -Wl,-T -Wl,../src/lscript.ld -L../../standalone_bsp_0/microblaze_I/lib -mlittle-endian -mcpu=v10.0 -mxl-soft-mul -Wl,--no-relax -Wl,--gc-sections -o "video_sampler.elf"  ./src/adsr_core.o ./src/chu_init.o ./src/ddfs_core.o ./src/gpio_cores.o ./src/i2c_core.o ./src/main.o ./src/main_video_test.o ./src/ps2_core.o ./src/spi_core.o ./src/sseg_core.o ./src/timer_core.o ./src/uart_core.o ./src/vga_core.o ./src/xadc_core.o   -Wl,--start-group,-lxil,-lgcc,-lc,-lstdc++,--end-group
'Finished building target: video_sampler.elf'
' '
'Invoking: MicroBlaze Print Size'
mb-size video_sampler.elf  |tee "video_sampler.elf.size"
   text	   data	    bss	    dec	    hex	filename
  36660	   1316	   3240	  41216	   a100	video_sampler.elf
'Finished building: video_sampler.elf.size'
' '
15:39:46 **** Auto Build of configuration Debug for project video_sampler ****
make all 
'Building file: ../src/main.cpp'
'Invoking: MicroBlaze g++ compiler'
mb-g++ -Wall -O0 -g3 -c -fmessage-length=0 -MT"src/main.o" -I../../standalone_bsp_0/microblaze_I/include -mno-xl-reorder -mlittle-endian -mcpu=v10.0 -mxl-soft-mul -Wl,--no-relax -ffunction-sections -fdata-sections -MMD -MP -MF"src/main.d" -MT"src/main.o" -o "src/main.o" "../src/main.cpp"
'Finished building: ../src/main.cpp'
' '
'Building target: video_sampler.elf'
'Invoking: MicroBlaze g++ linker'
mb-g++ -Wl,-T -Wl,../src/lscript.ld -L../../standalone_bsp_0/microblaze_I/lib -mlittle-endian -mcpu=v10.0 -mxl-soft-mul -Wl,--no-relax -Wl,--gc-sections -o "video_sampler.elf"  ./src/adsr_core.o ./src/chu_init.o ./src/ddfs_core.o ./src/gpio_cores.o ./src/i2c_core.o ./src/main.o ./src/main_video_test.o ./src/ps2_core.o ./src/spi_core.o ./src/sseg_core.o ./src/timer_core.o ./src/uart_core.o ./src/vga_core.o ./src/xadc_core.o   -Wl,--start-group,-lxil,-lgcc,-lc,-lstdc++,--end-group
'Finished building target: video_sampler.elf'
' '
'Invoking: MicroBlaze Print Size'
mb-size video_sampler.elf  |tee "video_sampler.elf.size"
   text	   data	    bss	    dec	    hex	filename
  36660	   1316	   3240	  41216	   a100	video_sampler.elf
'Finished building: video_sampler.elf.size'
' '
15:42:22 **** Auto Build of configuration Debug for project video_sampler ****
make all 
'Building file: ../src/main.cpp'
'Invoking: MicroBlaze g++ compiler'
mb-g++ -Wall -O0 -g3 -c -fmessage-length=0 -MT"src/main.o" -I../../standalone_bsp_0/microblaze_I/include -mno-xl-reorder -mlittle-endian -mcpu=v10.0 -mxl-soft-mul -Wl,--no-relax -ffunction-sections -fdata-sections -MMD -MP -MF"src/main.d" -MT"src/main.o" -o "src/main.o" "../src/main.cpp"
'Finished building: ../src/main.cpp'
' '
'Building target: video_sampler.elf'
'Invoking: MicroBlaze g++ linker'
mb-g++ -Wl,-T -Wl,../src/lscript.ld -L../../standalone_bsp_0/microblaze_I/lib -mlittle-endian -mcpu=v10.0 -mxl-soft-mul -Wl,--no-relax -Wl,--gc-sections -o "video_sampler.elf"  ./src/adsr_core.o ./src/chu_init.o ./src/ddfs_core.o ./src/gpio_cores.o ./src/i2c_core.o ./src/main.o ./src/main_video_test.o ./src/ps2_core.o ./src/spi_core.o ./src/sseg_core.o ./src/timer_core.o ./src/uart_core.o ./src/vga_core.o ./src/xadc_core.o   -Wl,--start-group,-lxil,-lgcc,-lc,-lstdc++,--end-group
'Finished building target: video_sampler.elf'
' '
'Invoking: MicroBlaze Print Size'
mb-size video_sampler.elf  |tee "video_sampler.elf.size"
   text	   data	    bss	    dec	    hex	filename
  36660	   1316	   3240	  41216	   a100	video_sampler.elf
'Finished building: video_sampler.elf.size'
' '
15:43:55 **** Auto Build of configuration Debug for project video_sampler ****
make all 
'Building file: ../src/main.cpp'
'Invoking: MicroBlaze g++ compiler'
mb-g++ -Wall -O0 -g3 -c -fmessage-length=0 -MT"src/main.o" -I../../standalone_bsp_0/microblaze_I/include -mno-xl-reorder -mlittle-endian -mcpu=v10.0 -mxl-soft-mul -Wl,--no-relax -ffunction-sections -fdata-sections -MMD -MP -MF"src/main.d" -MT"src/main.o" -o "src/main.o" "../src/main.cpp"
../src/main.cpp: In function 'void gameOver(Ps2Core*, OsdCore*)':
../src/main.cpp:146:32: warning: overflow in implicit constant conversion [-Woverflow]
  setBackgroundColor(0x555000555); //set background color
                                ^
'Finished building: ../src/main.cpp'
' '
'Building target: video_sampler.elf'
'Invoking: MicroBlaze g++ linker'
mb-g++ -Wl,-T -Wl,../src/lscript.ld -L../../standalone_bsp_0/microblaze_I/lib -mlittle-endian -mcpu=v10.0 -mxl-soft-mul -Wl,--no-relax -Wl,--gc-sections -o "video_sampler.elf"  ./src/adsr_core.o ./src/chu_init.o ./src/ddfs_core.o ./src/gpio_cores.o ./src/i2c_core.o ./src/main.o ./src/main_video_test.o ./src/ps2_core.o ./src/spi_core.o ./src/sseg_core.o ./src/timer_core.o ./src/uart_core.o ./src/vga_core.o ./src/xadc_core.o   -Wl,--start-group,-lxil,-lgcc,-lc,-lstdc++,--end-group
'Finished building target: video_sampler.elf'
' '
'Invoking: MicroBlaze Print Size'
mb-size video_sampler.elf  |tee "video_sampler.elf.size"
   text	   data	    bss	    dec	    hex	filename
  36664	   1316	   3236	  41216	   a100	video_sampler.elf
'Finished building: video_sampler.elf.size'
' '
15:44:05 **** Auto Build of configuration Debug for project video_sampler ****
make all 
'Building file: ../src/main.cpp'
'Invoking: MicroBlaze g++ compiler'
mb-g++ -Wall -O0 -g3 -c -fmessage-length=0 -MT"src/main.o" -I../../standalone_bsp_0/microblaze_I/include -mno-xl-reorder -mlittle-endian -mcpu=v10.0 -mxl-soft-mul -Wl,--no-relax -ffunction-sections -fdata-sections -MMD -MP -MF"src/main.d" -MT"src/main.o" -o "src/main.o" "../src/main.cpp"
'Finished building: ../src/main.cpp'
' '
'Building target: video_sampler.elf'
'Invoking: MicroBlaze g++ linker'
mb-g++ -Wl,-T -Wl,../src/lscript.ld -L../../standalone_bsp_0/microblaze_I/lib -mlittle-endian -mcpu=v10.0 -mxl-soft-mul -Wl,--no-relax -Wl,--gc-sections -o "video_sampler.elf"  ./src/adsr_core.o ./src/chu_init.o ./src/ddfs_core.o ./src/gpio_cores.o ./src/i2c_core.o ./src/main.o ./src/main_video_test.o ./src/ps2_core.o ./src/spi_core.o ./src/sseg_core.o ./src/timer_core.o ./src/uart_core.o ./src/vga_core.o ./src/xadc_core.o   -Wl,--start-group,-lxil,-lgcc,-lc,-lstdc++,--end-group
'Finished building target: video_sampler.elf'
' '
'Invoking: MicroBlaze Print Size'
mb-size video_sampler.elf  |tee "video_sampler.elf.size"
   text	   data	    bss	    dec	    hex	filename
  36664	   1316	   3236	  41216	   a100	video_sampler.elf
'Finished building: video_sampler.elf.size'
' '
15:45:18 **** Auto Build of configuration Debug for project video_sampler ****
make all 
'Building file: ../src/main.cpp'
'Invoking: MicroBlaze g++ compiler'
mb-g++ -Wall -O0 -g3 -c -fmessage-length=0 -MT"src/main.o" -I../../standalone_bsp_0/microblaze_I/include -mno-xl-reorder -mlittle-endian -mcpu=v10.0 -mxl-soft-mul -Wl,--no-relax -ffunction-sections -fdata-sections -MMD -MP -MF"src/main.d" -MT"src/main.o" -o "src/main.o" "../src/main.cpp"
'Finished building: ../src/main.cpp'
' '
'Building target: video_sampler.elf'
'Invoking: MicroBlaze g++ linker'
mb-g++ -Wl,-T -Wl,../src/lscript.ld -L../../standalone_bsp_0/microblaze_I/lib -mlittle-endian -mcpu=v10.0 -mxl-soft-mul -Wl,--no-relax -Wl,--gc-sections -o "video_sampler.elf"  ./src/adsr_core.o ./src/chu_init.o ./src/ddfs_core.o ./src/gpio_cores.o ./src/i2c_core.o ./src/main.o ./src/main_video_test.o ./src/ps2_core.o ./src/spi_core.o ./src/sseg_core.o ./src/timer_core.o ./src/uart_core.o ./src/vga_core.o ./src/xadc_core.o   -Wl,--start-group,-lxil,-lgcc,-lc,-lstdc++,--end-group
'Finished building target: video_sampler.elf'
' '
'Invoking: MicroBlaze Print Size'
mb-size video_sampler.elf  |tee "video_sampler.elf.size"
   text	   data	    bss	    dec	    hex	filename
  36660	   1316	   3240	  41216	   a100	video_sampler.elf
'Finished building: video_sampler.elf.size'
' '
11:33:27 **** Auto Build of project standalone_bsp_0 ****
make -k all 
"Running Make include in microblaze_I/libsrc/bram_v4_2/src"
make -C microblaze_I/libsrc/bram_v4_2/src -s include  "SHELL=CMD" "COMPILER=mb-gcc" "ARCHIVER=mb-ar" "COMPILER_FLAGS=  -O2 -c -mcpu=v10.0 -mlittle-endian -mno-xl-reorder -mxl-soft-mul" "EXTRA_COMPILER_FLAGS=-ffunction-sections -fdata-sections -Wall -Wextra"
"Running Make include in microblaze_I/libsrc/cpu_v2_7/src"
make -C microblaze_I/libsrc/cpu_v2_7/src -s include  "SHELL=CMD" "COMPILER=mb-gcc" "ARCHIVER=mb-ar" "COMPILER_FLAGS=  -O2 -c -mcpu=v10.0 -mlittle-endian -mno-xl-reorder -mxl-soft-mul" "EXTRA_COMPILER_FLAGS=-ffunction-sections -fdata-sections -Wall -Wextra"
"Running Make include in microblaze_I/libsrc/iomodule_v2_5/src"
make -C microblaze_I/libsrc/iomodule_v2_5/src -s include  "SHELL=CMD" "COMPILER=mb-gcc" "ARCHIVER=mb-ar" "COMPILER_FLAGS=  -O2 -c -mcpu=v10.0 -mlittle-endian -mno-xl-reorder -mxl-soft-mul" "EXTRA_COMPILER_FLAGS=-ffunction-sections -fdata-sections -Wall -Wextra"
"Running Make include in microblaze_I/libsrc/standalone_v6_7/src"
make -C microblaze_I/libsrc/standalone_v6_7/src -s include  "SHELL=CMD" "COMPILER=mb-gcc" "ARCHIVER=mb-ar" "COMPILER_FLAGS=  -O2 -c -mcpu=v10.0 -mlittle-endian -mno-xl-reorder -mxl-soft-mul" "EXTRA_COMPILER_FLAGS=-ffunction-sections -fdata-sections -Wall -Wextra"
"Running Make libs in microblaze_I/libsrc/bram_v4_2/src"
make -C microblaze_I/libsrc/bram_v4_2/src -s libs  "SHELL=CMD" "COMPILER=mb-gcc" "ARCHIVER=mb-ar" "COMPILER_FLAGS=  -O2 -c -mcpu=v10.0 -mlittle-endian -mno-xl-reorder -mxl-soft-mul" "EXTRA_COMPILER_FLAGS=-ffunction-sections -fdata-sections -Wall -Wextra"
"Compiling bram"
mb-ar: creating ../../../lib/libxil.a
"Running Make libs in microblaze_I/libsrc/cpu_v2_7/src"
make -C microblaze_I/libsrc/cpu_v2_7/src -s libs  "SHELL=CMD" "COMPILER=mb-gcc" "ARCHIVER=mb-ar" "COMPILER_FLAGS=  -O2 -c -mcpu=v10.0 -mlittle-endian -mno-xl-reorder -mxl-soft-mul" "EXTRA_COMPILER_FLAGS=-ffunction-sections -fdata-sections -Wall -Wextra"
"Compiling cpu"
"Running Make libs in microblaze_I/libsrc/iomodule_v2_5/src"
make -C microblaze_I/libsrc/iomodule_v2_5/src -s libs  "SHELL=CMD" "COMPILER=mb-gcc" "ARCHIVER=mb-ar" "COMPILER_FLAGS=  -O2 -c -mcpu=v10.0 -mlittle-endian -mno-xl-reorder -mxl-soft-mul" "EXTRA_COMPILER_FLAGS=-ffunction-sections -fdata-sections -Wall -Wextra"
"Compiling iomodule"
xiomodule.c: In function 'XIOModule_Initialize':
xiomodule.c:170:18: warning: comparison is always false due to limited range of data type [-Wtype-limits]
  for (Id = 0; Id < XPAR_IOMODULE_INTC_MAX_INTR_SIZE; Id++) {
                  ^
xiomodule.c:216:19: warning: comparison is always false due to limited range of data type [-Wtype-limits]
   for (Id = 0; Id < XPAR_IOMODULE_INTC_MAX_INTR_SIZE; Id++) {
                   ^
In file included from ../../../include/xstatus.h:55:0,
                 from xiomodule.h:265,
                 from xiomodule.c:60:
xiomodule.c: In function 'XIOModule_Connect':
xiomodule.c:344:23: warning: comparison is always false due to limited range of data type [-Wtype-limits]
  Xil_AssertNonvoid(Id < XPAR_IOMODULE_INTC_MAX_INTR_SIZE);
                       ^
../../../include/xil_assert.h:132:9: note: in definition of macro 'Xil_AssertNonvoid'
     if (Expression) {                              \
         ^~~~~~~~~~
xiomodule.c: In function 'XIOModule_Disconnect':
xiomodule.c:384:20: warning: comparison is always false due to limited range of data type [-Wtype-limits]
  Xil_AssertVoid(Id < XPAR_IOMODULE_INTC_MAX_INTR_SIZE);
                    ^
../../../include/xil_assert.h:107:9: note: in definition of macro 'Xil_AssertVoid'
     if (Expression) {                              \
         ^~~~~~~~~~
xiomodule.c: In function 'XIOModule_Enable':
xiomodule.c:434:20: warning: comparison is always false due to limited range of data type [-Wtype-limits]
  Xil_AssertVoid(Id < XPAR_IOMODULE_INTC_MAX_INTR_SIZE);
                    ^
../../../include/xil_assert.h:107:9: note: in definition of macro 'Xil_AssertVoid'
     if (Expression) {                              \
         ^~~~~~~~~~
xiomodule.c: In function 'XIOModule_Disable':
xiomodule.c:480:20: warning: comparison is always false due to limited range of data type [-Wtype-limits]
  Xil_AssertVoid(Id < XPAR_IOMODULE_INTC_MAX_INTR_SIZE);
                    ^
../../../include/xil_assert.h:107:9: note: in definition of macro 'Xil_AssertVoid'
     if (Expression) {                              \
         ^~~~~~~~~~
xiomodule.c: In function 'XIOModule_Acknowledge':
xiomodule.c:524:20: warning: comparison is always false due to limited range of data type [-Wtype-limits]
  Xil_AssertVoid(Id < XPAR_IOMODULE_INTC_MAX_INTR_SIZE);
                    ^
../../../include/xil_assert.h:107:9: note: in definition of macro 'Xil_AssertVoid'
     if (Expression) {                              \
         ^~~~~~~~~~
xiomodule.c: In function 'XIOModule_ConnectFastHandler':
xiomodule.c:629:23: warning: comparison is always false due to limited range of data type [-Wtype-limits]
  Xil_AssertNonvoid(Id < XPAR_IOMODULE_INTC_MAX_INTR_SIZE);
                       ^
../../../include/xil_assert.h:132:9: note: in definition of macro 'Xil_AssertNonvoid'
     if (Expression) {                              \
         ^~~~~~~~~~
xiomodule.c: In function 'XIOModule_SetNormalIntrMode':
xiomodule.c:705:20: warning: comparison is always false due to limited range of data type [-Wtype-limits]
  Xil_AssertVoid(Id < XPAR_IOMODULE_INTC_MAX_INTR_SIZE);
                    ^
../../../include/xil_assert.h:107:9: note: in definition of macro 'Xil_AssertVoid'
     if (Expression) {                              \
         ^~~~~~~~~~
xiomodule_l.c: In function 'XIOModule_DeviceInterruptHandler':
xiomodule_l.c:168:35: warning: comparison of unsigned expression < 0 is always false [-Wtype-limits]
  for (IntrNumber = 0U; IntrNumber < XPAR_IOMODULE_INTC_MAX_INTR_SIZE;
                                   ^
xiomodule_l.c:153:15: warning: variable 'Register' set but not used [-Wunused-but-set-variable]
  volatile u32 Register;   /* used as bit bucket */
               ^~~~~~~~
"Running Make libs in microblaze_I/libsrc/standalone_v6_7/src"
make -C microblaze_I/libsrc/standalone_v6_7/src -s libs  "SHELL=CMD" "COMPILER=mb-gcc" "ARCHIVER=mb-ar" "COMPILER_FLAGS=  -O2 -c -mcpu=v10.0 -mlittle-endian -mno-xl-reorder -mxl-soft-mul" "EXTRA_COMPILER_FLAGS=-ffunction-sections -fdata-sections -Wall -Wextra"
"Compiling standalone";
microblaze_sleep.c:74:9: note: #pragma message: For the sleep routines, assembly instructions are used
 #pragma message ("For the sleep routines, assembly instructions are used")
         ^~~~~~~
'Finished building libraries'
11:33:36 **** Auto Build of configuration Debug for project video_sampler ****
make all 
make: Nothing to be done for `all'.
11:40:02 **** Auto Build of configuration Debug for project video_sampler ****
make all 
'Building file: ../src/main.cpp'
'Invoking: MicroBlaze g++ compiler'
mb-g++ -Wall -O0 -g3 -c -fmessage-length=0 -MT"src/main.o" -I../../standalone_bsp_0/microblaze_I/include -mno-xl-reorder -mlittle-endian -mcpu=v10.0 -mxl-soft-mul -Wl,--no-relax -ffunction-sections -fdata-sections -MMD -MP -MF"src/main.d" -MT"src/main.o" -o "src/main.o" "../src/main.cpp"
'Finished building: ../src/main.cpp'
' '
'Building target: video_sampler.elf'
'Invoking: MicroBlaze g++ linker'
mb-g++ -Wl,-T -Wl,../src/lscript.ld -L../../standalone_bsp_0/microblaze_I/lib -mlittle-endian -mcpu=v10.0 -mxl-soft-mul -Wl,--no-relax -Wl,--gc-sections -o "video_sampler.elf"  ./src/adsr_core.o ./src/chu_init.o ./src/ddfs_core.o ./src/gpio_cores.o ./src/i2c_core.o ./src/main.o ./src/main_video_test.o ./src/ps2_core.o ./src/spi_core.o ./src/sseg_core.o ./src/timer_core.o ./src/uart_core.o ./src/vga_core.o ./src/xadc_core.o   -Wl,--start-group,-lxil,-lgcc,-lc,-lstdc++,--end-group
'Finished building target: video_sampler.elf'
' '
'Invoking: MicroBlaze Print Size'
mb-size video_sampler.elf  |tee "video_sampler.elf.size"
   text	   data	    bss	    dec	    hex	filename
  36796	   1324	   3240	  41360	   a190	video_sampler.elf
'Finished building: video_sampler.elf.size'
' '
